<html>
<body>
<pre>
<h1>µVision Build Log</h1>
<h2>Tool Versions:</h2>
IDE-Version: ¦ÌVision V5.12.0.0
Copyright (C) 2014 ARM Ltd and ARM Germany GmbH. All rights reserved.
License Information: Microsoft, Microsoft, LIC=FQQNN-YQAPG-BXPUY-I8JW4-T45UQ-NSS07
 
Tool Versions:
Toolchain:       MDK-ARM Professional  Version: 5.12.0.0
Toolchain Path:  C:\Keil_v5\ARM\ARMCC\Bin
C Compiler:      Armcc.exe V5.05 (build 41)
Assembler:       Armasm.exe V5.05 (build 41)
Linker/Locator:  ArmLink.exe V5.05 (build 41)
Library Manager: ArmAr.exe V5.05 (build 41)
Hex Converter:   FromElf.exe V5.05 (build 41)
CPU DLL:         SARMCM3.DLL V5.12.0.0
Dialog DLL:      DCM.DLL V1.13.0.0
    Target DLL: Segger\JL2CM3.dll
Dialog DLL:      TCM.DLL V1.14.2.0
 
<h2>Project:</h2>
D:\workfiles\SensorBoardCode\HFS1601\HFS1601-CB\HFSL16_CB_V1.0.0_Software -V1.0.1\Project\MDK-ARM\Project.uvprojx
Project File Date:  03/25/2016

<h2>Output:</h2>
Build target 'STM32L1XX_MD(STM32L1xxxBxx)'
".\STM32L152-EVAL\STM32L152-EVAL.axf" - 0 Error(s), 0 Warning(s).

<h2>Collection of Component include folders:</h2>
  D:\workfiles\SensorBoardCode\HFS1601\HFS1601-CB\HFSL16_CB_V1.0.0_Software -V1.0.1\Project\MDK-ARM\RTE
  C:\Keil_v5\ARM\PACK\Keil\STM32L1xx_DFP\1.0.2\Device\Include

<h2>Collection of Component Files used:</h2>
Load "D:\\workfiles\\SensorBoardCode\\HFS1601\\HFS1601-CB\\HFSL16_CB_V1.0.0_Software -V1.0.1\\Project\\MDK-ARM\\STM32L152-EVAL\\STM32L152-EVAL.axf" 
Set JLink Project File to "D:\workfiles\SensorBoardCode\HFS1601\HFS1601-CB\HFSL16_CB_V1.0.0_Software -V1.0.1\Project\MDK-ARM\JLinkSettings.ini"
* JLink Info: Device "STM32L152RB" selected (132 KB flash, 16 KB RAM).
 
JLink info:
------------
DLL: V4.91b, compiled Sep 15 2014 09:17:56
Firmware: J-Link V9 compiled Feb 20 2015 09:20:19
Hardware: V9.20
Feature(s) : GDB, RDI, FlashBP, FlashDL, JFlash 
 
* JLink Info: Found SWD-DP with ID 0x2BA01477
* JLink Info: Found SWD-DP with ID 0x2BA01477
* JLink Info: Found Cortex-M3 r2p0, Little endian.
* JLink Info: FPUnit: 6 code (BP) slots and 2 literal slots
* JLink Info: TPIU fitted.
* JLink Info: ETM fitted.
ROMTableAddr = 0xE00FF003
 
Target info:
------------
Device: STM32L152RB
VTarget = 3.266V
State of Pins: 
TCK: 0, TDI: 0, TDO: 0, TMS: 1, TRES: 1, TRST: 0
Hardware-Breakpoints: 6
Software-Breakpoints: 8192
Watchpoints:          4
JTAG speed: 4000 kHz
 
Erase Done.
Programming Done.
Verify OK.
Application running ...
Load "D:\\workfiles\\SensorBoardCode\\HFS1601\\HFS1601-CB\\HFSL16_CB_V1.0.0_Software -V1.0.1\\Project\\MDK-ARM\\STM32L152-EVAL\\STM32L152-EVAL.axf" 
Set JLink Project File to "D:\workfiles\SensorBoardCode\HFS1601\HFS1601-CB\HFSL16_CB_V1.0.0_Software -V1.0.1\Project\MDK-ARM\JLinkSettings.ini"
* JLink Info: Device "STM32L152RB" selected (132 KB flash, 16 KB RAM).
 
JLink info:
------------
DLL: V4.91b, compiled Sep 15 2014 09:17:56
Firmware: J-Link V9 compiled Feb 20 2015 09:20:19
Hardware: V9.20
Feature(s) : GDB, RDI, FlashBP, FlashDL, JFlash 
 
* JLink Info: Found SWD-DP with ID 0x2BA01477
* JLink Info: Found SWD-DP with ID 0x2BA01477
* JLink Info: Found Cortex-M3 r2p0, Little endian.
* JLink Info: FPUnit: 6 code (BP) slots and 2 literal slots
* JLink Info: TPIU fitted.
* JLink Info: ETM fitted.
ROMTableAddr = 0xE00FF003
 
Target info:
------------
Device: STM32L152RB
VTarget = 3.256V
State of Pins: 
TCK: 0, TDI: 0, TDO: 0, TMS: 1, TRES: 1, TRST: 0
Hardware-Breakpoints: 6
Software-Breakpoints: 8192
Watchpoints:          4
JTAG speed: 4000 kHz
 
Erase Done.
Programming Done.
Verify OK.
Application running ...
Load "D:\\workfiles\\SensorBoardCode\\HFS1601\\HFS1601-CB\\HFSL16_CB_V1.0.0_Software -V1.0.1\\Project\\MDK-ARM\\STM32L152-EVAL\\STM32L152-EVAL.axf" 
Set JLink Project File to "D:\workfiles\SensorBoardCode\HFS1601\HFS1601-CB\HFSL16_CB_V1.0.0_Software -V1.0.1\Project\MDK-ARM\JLinkSettings.ini"
* JLink Info: Device "STM32L152RB" selected (132 KB flash, 16 KB RAM).
 
JLink info:
------------
DLL: V4.91b, compiled Sep 15 2014 09:17:56
Firmware: J-Link V9 compiled Feb 20 2015 09:20:19
Hardware: V9.20
Feature(s) : GDB, RDI, FlashBP, FlashDL, JFlash 
 
* JLink Info: Found SWD-DP with ID 0x2BA01477
* JLink Info: Found SWD-DP with ID 0x2BA01477
* JLink Info: Found Cortex-M3 r2p0, Little endian.
* JLink Info: FPUnit: 6 code (BP) slots and 2 literal slots
* JLink Info: TPIU fitted.
* JLink Info: ETM fitted.
ROMTableAddr = 0xE00FF003
 
Target info:
------------
Device: STM32L152RB
VTarget = 3.262V
State of Pins: 
TCK: 0, TDI: 0, TDO: 0, TMS: 1, TRES: 1, TRST: 0
Hardware-Breakpoints: 6
Software-Breakpoints: 8192
Watchpoints:          4
JTAG speed: 4000 kHz
 
Erase Done.
Programming Done.
Verify OK.
Application running ...
Load "D:\\workfiles\\SensorBoardCode\\HFS1601\\HFS1601-CB\\HFSL16_CB_V1.0.0_Software -V1.0.1\\Project\\MDK-ARM\\STM32L152-EVAL\\STM32L152-EVAL.axf" 
Set JLink Project File to "D:\workfiles\SensorBoardCode\HFS1601\HFS1601-CB\HFSL16_CB_V1.0.0_Software -V1.0.1\Project\MDK-ARM\JLinkSettings.ini"
* JLink Info: Device "STM32L152RB" selected (132 KB flash, 16 KB RAM).
 
JLink info:
------------
DLL: V4.91b, compiled Sep 15 2014 09:17:56
Firmware: J-Link V9 compiled Feb 20 2015 09:20:19
Hardware: V9.20
Feature(s) : GDB, RDI, FlashBP, FlashDL, JFlash 
 
* JLink Info: Found SWD-DP with ID 0x2BA01477
* JLink Info: Found SWD-DP with ID 0x2BA01477
* JLink Info: Found Cortex-M3 r2p0, Little endian.
* JLink Info: FPUnit: 6 code (BP) slots and 2 literal slots
* JLink Info: TPIU fitted.
* JLink Info: ETM fitted.
ROMTableAddr = 0xE00FF003
 
Target info:
------------
Device: STM32L152RB
VTarget = 3.259V
State of Pins: 
TCK: 0, TDI: 0, TDO: 0, TMS: 1, TRES: 1, TRST: 0
Hardware-Breakpoints: 6
Software-Breakpoints: 8192
Watchpoints:          4
JTAG speed: 4000 kHz
 
Erase Done.
Programming Done.
Verify OK.
Application running ...
</pre>
</body>
</html>
0.2\Device\Include

<h2>Collection of Component Files used:</h2>
stm32l1xx_i2c.c...
compiling stm32l1xx_iwdg.c...
compiling stm32l1xx_lcd.c...
compiling stm32l1xx_opamp.c...
compiling stm32l1xx_pwr.c...
compiling stm32l1xx_rcc.c...
compiling stm32l1xx_rtc.c...
compiling stm32l1xx_sdio.c...
compiling stm32l1xx_spi.c...
compiling stm32l1xx_syscfg.c...
compiling stm32l1xx_tim.c...
compiling stm32l1xx_usart.c...
compiling stm32l1xx_wwdg.c...
compiling system_stm32l1xx.c...
assembling startup_stm32l1xx_md.s...
linking...
Program Size: Code=15164 RO-data=340 RW-data=160 ZI-data=8328  
FromELF: creating hex file...
".\STM32L152-EVAL\STM32L152-EVAL.axf" - 0 Error(s), 26 Warning(s).

<h2>Collection of Component include folders:</h2>
  D:\workfiles\SensorBoardCode\HFS1601\HFS1601-CB\HFSL16_CB_V1.0.0_Software -V1.0.1\Project\MDK-ARM\RTE
  C:\Keil_v5\ARM\PACK\Keil\STM32L1xx_DFP\1.0.2\Device\Include

<h2>Collection of Component Files used:</h2>
