Component: ARM Compiler 5.05 update 1 (build 106) Tool: armlink [4d0efa]

==============================================================================

Section Cross References

    main.o(i.Auto_Smaple) refers to main.o(i.get_temp_analog) for get_temp_analog
    main.o(i.Auto_Smaple) refers to main.o(i.get_temp_ds18b20) for get_temp_ds18b20
    main.o(i.Auto_Smaple) refers to printfa.o(i.__0printf) for __2printf
    main.o(i.Auto_Smaple) refers to main.o(i.get_stress) for get_stress
    main.o(i.Auto_Smaple) refers to main.o(i.DataPrepare) for DataPrepare
    main.o(i.Auto_Smaple) refers to main.o(.data) for .data
    main.o(i.DataPrepare) refers to main.o(.bss) for .bss
    main.o(i.DataPrepare) refers to main.o(.data) for .data
    main.o(i.Delay) refers to time.o(i.TIM6_Reconfiguration) for TIM6_Reconfiguration
    main.o(i.Delay) refers to time.o(i.TIM6_Disable) for TIM6_Disable
    main.o(i.Delay) refers to main.o(.data) for .data
    main.o(i.Half_Auto_Sample) refers to main.o(i.get_temp_analog) for get_temp_analog
    main.o(i.Half_Auto_Sample) refers to main.o(i.get_temp_ds18b20) for get_temp_ds18b20
    main.o(i.Half_Auto_Sample) refers to printfa.o(i.__0printf) for __2printf
    main.o(i.Half_Auto_Sample) refers to main.o(i.get_stress) for get_stress
    main.o(i.Half_Auto_Sample) refers to main.o(i.DataPrepare) for DataPrepare
    main.o(i.Half_Auto_Sample) refers to main.o(.data) for .data
    main.o(i.IWDG_INIT) refers to stm32l1xx_rcc.o(i.RCC_LSICmd) for RCC_LSICmd
    main.o(i.IWDG_INIT) refers to stm32l1xx_rcc.o(i.RCC_GetFlagStatus) for RCC_GetFlagStatus
    main.o(i.IWDG_INIT) refers to stm32l1xx_iwdg.o(i.IWDG_WriteAccessCmd) for IWDG_WriteAccessCmd
    main.o(i.IWDG_INIT) refers to stm32l1xx_iwdg.o(i.IWDG_SetPrescaler) for IWDG_SetPrescaler
    main.o(i.IWDG_INIT) refers to stm32l1xx_iwdg.o(i.IWDG_SetReload) for IWDG_SetReload
    main.o(i.IWDG_INIT) refers to stm32l1xx_iwdg.o(i.IWDG_ReloadCounter) for IWDG_ReloadCounter
    main.o(i.IWDG_INIT) refers to stm32l1xx_iwdg.o(i.IWDG_Enable) for IWDG_Enable
    main.o(i.Instruction_Check) refers to main.o(.bss) for .bss
    main.o(i.Instruction_Check) refers to main.o(.data) for .data
    main.o(i.Manual_Sample) refers to main.o(i.get_temp_ds18b20) for get_temp_ds18b20
    main.o(i.Manual_Sample) refers to main.o(i.get_temp_analog) for get_temp_analog
    main.o(i.Manual_Sample) refers to printfa.o(i.__0printf) for __2printf
    main.o(i.Manual_Sample) refers to main.o(i.get_stress) for get_stress
    main.o(i.Manual_Sample) refers to main.o(i.DataPrepare) for DataPrepare
    main.o(i.Manual_Sample) refers to main.o(.data) for .data
    main.o(i.OpenSampleLed) refers to stm32l1xx_gpio.o(i.GPIO_SetBits) for GPIO_SetBits
    main.o(i.OpenSampleLed) refers to stm32l1xx_gpio.o(i.GPIO_ResetBits) for GPIO_ResetBits
    main.o(i.Open_Temp_Channel) refers to stm32l1xx_gpio.o(i.GPIO_SetBits) for GPIO_SetBits
    main.o(i.Open_Temp_Channel) refers to stm32l1xx_gpio.o(i.GPIO_ResetBits) for GPIO_ResetBits
    main.o(i.Process) refers to main.o(i.Manual_Sample) for Manual_Sample
    main.o(i.Process) refers to main.o(i.Auto_Smaple) for Auto_Smaple
    main.o(i.Process) refers to main.o(i.Half_Auto_Sample) for Half_Auto_Sample
    main.o(i.Process) refers to main.o(.data) for .data
    main.o(i.get_stress) refers to main.o(i.OpenSampleLed) for OpenSampleLed
    main.o(i.get_stress) refers to pwm.o(i.PWM_Enable) for PWM_Enable
    main.o(i.get_stress) refers to printfa.o(i.__0printf) for __2printf
    main.o(i.get_stress) refers to main.o(i.sample_stress_channel) for sample_stress_channel
    main.o(i.get_stress) refers to pwm.o(i.PWM_Disable) for PWM_Disable
    main.o(i.get_stress) refers to main.o(.data) for .data
    main.o(i.get_temp_analog) refers to stm32l1xx_gpio.o(i.GPIO_ResetBits) for GPIO_ResetBits
    main.o(i.get_temp_analog) refers to spi.o(i.AD7798_Init) for AD7798_Init
    main.o(i.get_temp_analog) refers to main.o(i.Open_Temp_Channel) for Open_Temp_Channel
    main.o(i.get_temp_analog) refers to main.o(i.Delay) for Delay
    main.o(i.get_temp_analog) refers to spi.o(i.AD7798_ContinuousReadData) for AD7798_ContinuousReadData
    main.o(i.get_temp_analog) refers to dfltui.o(.text) for __aeabi_ui2d
    main.o(i.get_temp_analog) refers to dmul.o(.text) for __aeabi_dmul
    main.o(i.get_temp_analog) refers to dadd.o(.text) for __aeabi_drsub
    main.o(i.get_temp_analog) refers to ddiv.o(.text) for __aeabi_ddiv
    main.o(i.get_temp_analog) refers to log.o(i.log) for log
    main.o(i.get_temp_analog) refers to d2f.o(.text) for __aeabi_d2f
    main.o(i.get_temp_analog) refers to f2d.o(.text) for __aeabi_f2d
    main.o(i.get_temp_analog) refers to printfa.o(i.__0printf) for __2printf
    main.o(i.get_temp_analog) refers to main.o(.bss) for .bss
    main.o(i.get_temp_analog) refers to main.o(.data) for .data
    main.o(i.get_temp_ds18b20) refers to stm32l1xx_gpio.o(i.GPIO_SetBits) for GPIO_SetBits
[...]
    ../clib/microlib/printf/printf.c         0x00000000   Number         0  printf4.o ABSOLUTE
    ../clib/microlib/printf/printf.c         0x00000000   Number         0  printf3.o ABSOLUTE
    ../clib/microlib/printf/printf.c         0x00000000   Number         0  printf1.o ABSOLUTE
    ../clib/microlib/printf/printf.c         0x00000000   Number         0  printf2.o ABSOLUTE
    ../clib/microlib/printf/printf.c         0x00000000   Number         0  printfa.o ABSOLUTE
    ../clib/microlib/printf/printf.c         0x00000000   Number         0  printf8.o ABSOLUTE
    ../clib/microlib/printf/printf.c         0x00000000   Number         0  printf7.o ABSOLUTE
    ../clib/microlib/printf/printf.c         0x00000000   Number         0  printf6.o ABSOLUTE
    ../clib/microlib/printf/printf.c         0x00000000   Number         0  printf0.o ABSOLUTE
    ../clib/microlib/printf/printf.c         0x00000000   Number         0  printfb.o ABSOLUTE
    ../clib/microlib/printf/stubs.s          0x00000000   Number         0  stubs.o ABSOLUTE
    ../clib/microlib/stdio/streams.c         0x00000000   Number         0  stdout.o ABSOLUTE
    ../clib/microlib/stubs.s                 0x00000000   Number         0  iusefp.o ABSOLUTE
    ../fplib/microlib/d2f.c                  0x00000000   Number         0  d2f.o ABSOLUTE
    ../fplib/microlib/f2d.c                  0x00000000   Number         0  f2d.o ABSOLUTE
    ../fplib/microlib/fpadd.c                0x00000000   Number         0  fadd.o ABSOLUTE
    ../fplib/microlib/fpadd.c                0x00000000   Number         0  dadd.o ABSOLUTE
    ../fplib/microlib/fpdiv.c                0x00000000   Number         0  ddiv.o ABSOLUTE
    ../fplib/microlib/fpdiv.c                0x00000000   Number         0  fdiv.o ABSOLUTE
    ../fplib/microlib/fpepilogue.c           0x00000000   Number         0  fepilogue.o ABSOLUTE
    ../fplib/microlib/fpepilogue.c           0x00000000   Number         0  depilogue.o ABSOLUTE
    ../fplib/microlib/fpfix.c                0x00000000   Number         0  dfixul.o ABSOLUTE
    ../fplib/microlib/fpfix.c                0x00000000   Number         0  dfixui.o ABSOLUTE
    ../fplib/microlib/fpflt.c                0x00000000   Number         0  ffltui.o ABSOLUTE
    ../fplib/microlib/fpflt.c                0x00000000   Number         0  dflti.o ABSOLUTE
    ../fplib/microlib/fpflt.c                0x00000000   Number         0  dfltui.o ABSOLUTE
    ../fplib/microlib/fpmul.c                0x00000000   Number         0  fmul.o ABSOLUTE
    ../fplib/microlib/fpmul.c                0x00000000   Number         0  dmul.o ABSOLUTE
    ../fplib/microlib/fpscalb.c              0x00000000   Number         0  dscalb.o ABSOLUTE
    ../mathlib/dunder.c                      0x00000000   Number         0  dunder.o ABSOLUTE
    ../mathlib/floor.c                       0x00000000   Number         0  floor.o ABSOLUTE
    ../mathlib/log.c                         0x00000000   Number         0  log.o ABSOLUTE
    ../mathlib/log.c                         0x00000000   Number         0  log_x.o ABSOLUTE
    ../mathlib/log10.c                       0x00000000   Number         0  log10_x.o ABSOLUTE
    ../mathlib/log10.c                       0x00000000   Number         0  log10.o ABSOLUTE
    ../mathlib/poly.c                        0x00000000   Number         0  poly.o ABSOLUTE
    ../mathlib/qnan.c                        0x00000000   Number         0  qnan.o ABSOLUTE
    ..\..\Libraries\MDK-ARM\startup_stm32l1xx_md.s 0x00000000   Number         0  startup_stm32l1xx_md.o ABSOLUTE
    ..\..\Libraries\STM32L1xx_StdPeriph_Driver\src\misc.c 0x00000000   Number         0  misc.o ABSOLUTE
    ..\..\Libraries\STM32L1xx_StdPeriph_Driver\src\stm32l1xx_adc.c 0x00000000   Number         0  stm32l1xx_adc.o ABSOLUTE
    ..\..\Libraries\STM32L1xx_StdPeriph_Driver\src\stm32l1xx_aes.c 0x00000000   Number         0  stm32l1xx_aes.o ABSOLUTE
    ..\..\Libraries\STM32L1xx_StdPeriph_Driver\src\stm32l1xx_aes_util.c 0x00000000   Number         0  stm32l1xx_aes_util.o ABSOLUTE
    ..\..\Libraries\STM32L1xx_StdPeriph_Driver\src\stm32l1xx_comp.c 0x00000000   Number         0  stm32l1xx_comp.o ABSOLUTE
    ..\..\Libraries\STM32L1xx_StdPeriph_Driver\src\stm32l1xx_crc.c 0x00000000   Number         0  stm32l1xx_crc.o ABSOLUTE
    ..\..\Libraries\STM32L1xx_StdPeriph_Driver\src\stm32l1xx_dac.c 0x00000000   Number         0  stm32l1xx_dac.o ABSOLUTE
    ..\..\Libraries\STM32L1xx_StdPeriph_Driver\src\stm32l1xx_dbgmcu.c 0x00000000   Number         0  stm32l1xx_dbgmcu.o ABSOLUTE
    ..\..\Libraries\STM32L1xx_StdPeriph_Driver\src\stm32l1xx_dma.c 0x00000000   Number         0  stm32l1xx_dma.o ABSOLUTE
    ..\..\Libraries\STM32L1xx_StdPeriph_Driver\src\stm32l1xx_exti.c 0x00000000   Number         0  stm32l1xx_exti.o ABSOLUTE
    ..\..\Libraries\STM32L1xx_StdPeriph_Driver\src\stm32l1xx_flash.c 0x00000000   Number         0  stm32l1xx_flash.o ABSOLUTE
    ..\..\Libraries\STM32L1xx_StdPeriph_Driver\src\stm32l1xx_flash_ramfunc.c 0x00000000   Number         0  stm32l1xx_flash_ramfunc.o ABSOLUTE
    ..\..\Libraries\STM32L1xx_StdPeriph_Driver\src\stm32l1xx_fsmc.c 0x00000000   Number         0  stm32l1xx_fsmc.o ABSOLUTE
    ..\..\Libraries\STM32L1xx_StdPeriph_Driver\src\stm32l1xx_gpio.c 0x00000000   Number         0  stm32l1xx_gpio.o ABSOLUTE
    ..\..\Libraries\STM32L1xx_StdPeriph_Driver\src\stm32l1xx_i2c.c 0x00000000   Number         0  stm32l1xx_i2c.o ABSOLUTE
    ..\..\Libraries\STM32L1xx_StdPeriph_Driver\src\stm32l1xx_iwdg.c 0x00000000   Number         0  stm32l1xx_iwdg.o ABSOLUTE
    ..\..\Libraries\STM32L1xx_StdPeriph_Driver\src\stm32l1xx_lcd.c 0x00000000   Number         0  stm32l1xx_lcd.o ABSOLUTE
    ..\..\Libraries\STM32L1xx_StdPeriph_Driver\src\stm32l1xx_opamp.c 0x00000000   Number         0  stm32l1xx_opamp.o ABSOLUTE
    ..\..\Libraries\STM32L1xx_StdPeriph_Driver\src\stm32l1xx_pwr.c 0x00000000   Number         0  stm32l1xx_pwr.o ABSOLUTE
    ..\..\Libraries\STM32L1xx_StdPeriph_Driver\src\stm32l1xx_rcc.c 0x00000000   Number         0  stm32l1xx_rcc.o ABSOLUTE
    ..\..\Libraries\STM32L1xx_StdPeriph_Driver\src\stm32l1xx_rtc.c 0x00000000   Number         0  stm32l1xx_rtc.o ABSOLUTE
    ..\..\Libraries\STM32L1xx_StdPeriph_Driver\src\stm32l1xx_sdio.c 0x00000000   Number         0  stm32l1xx_sdio.o ABSOLUTE
    ..\..\Libraries\STM32L1xx_StdPeriph_Driver\src\stm32l1xx_spi.c 0x00000000   Number         0  stm32l1xx_spi.o ABSOLUTE
    ..\..\Libraries\STM32L1xx_StdPeriph_Driver\src\stm32l1xx_syscfg.c 0x00000000   Number         0  stm32l1xx_syscfg.o ABSOLUTE
    ..\..\Libraries\STM32L1xx_StdPeriph_Driver\src\stm32l1xx_tim.c 0x00000000   Number         0  stm32l1xx_tim.o ABSOLUTE
    ..\..\Libraries\STM32L1xx_StdPeriph_Driver\src\stm32l1xx_usart.c 0x00000000   Number         0  stm32l1xx_usart.o ABSOLUTE
    ..\..\Libraries\STM32L1xx_StdPeriph_Driver\src\stm32l1xx_wwdg.c 0x00000000   Number         0  stm32l1xx_wwdg.o ABSOLUTE
    ..\I2C.c                                 0x00000000   Number         0  i2c.o ABSOLUTE
    ..\InputCapture.c                        0x00000000   Number         0  inputcapture.o ABSOLUTE
    ..\SPI.c                                 0x00000000   Number         0  spi.o ABSOLUTE
    ..\\..\\Libraries\\STM32L1xx_StdPeriph_Driver\\src\\misc.c 0x00000000   Number         0  misc.o ABSOLUTE
    ..\\..\\Libraries\\STM32L1xx_StdPeriph_Driver\\src\\stm32l1xx_adc.c 0x00000000   Number         0  stm32l1xx_adc.o ABSOLUTE
    ..\\..\\Libraries\\STM32L1xx_StdPeriph_Driver\\src\\stm32l1xx_aes.c 0x00000000   Number         0  stm32l1xx_aes.o ABSOLUTE
    ..\\..\\Libraries\\STM32L1xx_StdPeriph_Driver\\src\\stm32l1xx_aes_util.c 0x00000000   Number         0  stm32l1xx_aes_util.o ABSOLUTE
    ..\\..\\Libraries\\STM32L1xx_StdPeriph_Driver\\src\\stm32l1xx_comp.c 0x00000000   Number         0  stm32l1xx_comp.o ABSOLUTE
    ..\\..\\Libraries\\STM32L1xx_StdPeriph_Driver\\src\\stm32l1xx_crc.c 0x00000000   Number         0  stm32l1xx_crc.o ABSOLUTE
    ..\\..\\Libraries\\STM32L1xx_StdPeriph_Driver\\src\\stm32l1xx_dac.c 0x00000000   Number         0  stm32l1xx_dac.o ABSOLUTE
    ..\\..\\Libraries\\STM32L1xx_StdPeriph_Driver\\src\\stm32l1xx_dbgmcu.c 0x00000000   Number         0  stm32l1xx_dbgmcu.o ABSOLUTE
    ..\\..\\Libraries\\STM32L1xx_StdPeriph_Driver\\src\\stm32l1xx_dma.c 0x00000000   Number         0  stm32l1xx_dma.o ABSOLUTE
    ..\\..\\Libraries\\STM32L1xx_StdPeriph_Driver\\src\\stm32l1xx_exti.c 0x00000000   Number         0  stm32l1xx_exti.o ABSOLUTE
    ..\\..\\Libraries\\STM32L1xx_StdPeriph_Driver\\src\\stm32l1xx_flash.c 0x00000000   Number         0  stm32l1xx_flash.o ABSOLUTE
    ..\\..\\Libraries\\STM32L1xx_StdPeriph_Driver\\src\\stm32l1xx_flash_ramfunc.c 0x00000000   Number         0  stm32l1xx_flash_ramfunc.o ABSOLUTE
    ..\\..\\Libraries\\STM32L1xx_StdPeriph_Driver\\src\\stm32l1xx_fsmc.c 0x00000000   Number         0  stm32l1xx_fsmc.o ABSOLUTE
    ..\\..\\Libraries\\STM32L1xx_StdPeriph_Driver\\src\\stm32l1xx_gpio.c 0x00000000   Number         0  stm32l1xx_gpio.o ABSOLUTE
    ..\\..\\Libraries\\STM32L1xx_StdPeriph_Driver\\src\\stm32l1xx_i2c.c 0x00000000   Number         0  stm32l1xx_i2c.o ABSOLUTE
    ..\\..\\Libraries\\STM32L1xx_StdPeriph_Driver\\src\\stm32l1xx_iwdg.c 0x00000000   Number         0  stm32l1xx_iwdg.o ABSOLUTE
    ..\\..\\Libraries\\STM32L1xx_StdPeriph_Driver\\src\\stm32l1xx_lcd.c 0x00000000   Number         0  stm32l1xx_lcd.o ABSOLUTE
    ..\\..\\Libraries\\STM32L1xx_StdPeriph_Driver\\src\\stm32l1xx_opamp.c 0x00000000   Number         0  stm32l1xx_opamp.o ABSOLUTE
    ..\\..\\Libraries\\STM32L1xx_StdPeriph_Driver\\src\\stm32l1xx_pwr.c 0x00000000   Number         0  stm32l1xx_pwr.o ABSOLUTE
    ..\\..\\Libraries\\STM32L1xx_StdPeriph_Driver\\src\\stm32l1xx_rcc.c 0x00000000   Number         0  stm32l1xx_rcc.o ABSOLUTE
    ..\\..\\Libraries\\STM32L1xx_StdPeriph_Driver\\src\\stm32l1xx_rtc.c 0x00000000   Number         0  stm32l1xx_rtc.o ABSOLUTE
    ..\\..\\Libraries\\STM32L1xx_StdPeriph_Driver\\src\\stm32l1xx_sdio.c 0x00000000   Number         0  stm32l1xx_sdio.o ABSOLUTE
    ..\\..\\Libraries\\STM32L1xx_StdPeriph_Driver\\src\\stm32l1xx_spi.c 0x00000000   Number         0  stm32l1xx_spi.o ABSOLUTE
    ..\\..\\Libraries\\STM32L1xx_StdPeriph_Driver\\src\\stm32l1xx_syscfg.c 0x00000000   Number         0  stm32l1xx_syscfg.o ABSOLUTE
    ..\\..\\Libraries\\STM32L1xx_StdPeriph_Driver\\src\\stm32l1xx_tim.c 0x00000000   Number         0  stm32l1xx_tim.o ABSOLUTE
    ..\\..\\Libraries\\STM32L1xx_StdPeriph_Driver\\src\\stm32l1xx_usart.c 0x00000000   Number         0  stm32l1xx_usart.o ABSOLUTE
    ..\\..\\Libraries\\STM32L1xx_StdPeriph_Driver\\src\\stm32l1xx_wwdg.c 0x00000000   Number         0  stm32l1xx_wwdg.o ABSOLUTE
    ..\\I2C.c                                0x00000000   Number         0  i2c.o ABSOLUTE
    ..\\InputCapture.c                       0x00000000   Number         0  inputcapture.o ABSOLUTE
    ..\\SPI.c                                0x00000000   Number         0  spi.o ABSOLUTE
    ..\\ds18b20.c                            0x00000000   Number         0  ds18b20.o ABSOLUTE
    ..\\gpio.c                               0x00000000   Number         0  gpio.o ABSOLUTE
    ..\\main.c                               0x00000000   Number         0  main.o ABSOLUTE
    ..\\pwm.c                                0x00000000   Number         0  pwm.o ABSOLUTE
    ..\\stm32l1xx_it.c                       0x00000000   Number         0  stm32l1xx_it.o ABSOLUTE
    ..\\system_stm32l1xx.c                   0x00000000   Number         0  system_stm32l1xx.o ABSOLUTE
    ..\\time.c                               0x00000000   Number         0  time.o ABSOLUTE
    ..\\uart.c                               0x00000000   Number         0  uart.o ABSOLUTE
    ..\ds18b20.c                             0x00000000   Number         0  ds18b20.o ABSOLUTE
    ..\gpio.c                                0x00000000   Number         0  gpio.o ABSOLUTE
    ..\main.c                                0x00000000   Number         0  main.o ABSOLUTE
    ..\pwm.c                                 0x00000000   Number         0  pwm.o ABSOLUTE
    ..\stm32l1xx_it.c                        0x00000000   Number         0  stm32l1xx_it.o ABSOLUTE
    ..\system_stm32l1xx.c                    0x00000000   Number         0  system_stm32l1xx.o ABSOLUTE
    ..\time.c                                0x00000000   Number         0  time.o ABSOLUTE
    ..\uart.c                                0x00000000   Number         0  uart.o ABSOLUTE
    cdcmple.s                                0x00000000   Number         0  cdcmple.o ABSOLUTE
    cdrcmple.s                               0x00000000   Number         0  cdrcmple.o ABSOLUTE
    dc.s                                     0x00000000   Number         0  dc.o ABSOLUTE
    handlers.s                               0x00000000   Number         0  handlers.o ABSOLUTE
    init.s                                   0x00000000   Number         0  init.o ABSOLUTE
    RESET                                    0x08000000   Section      244  startup_stm32l1xx_md.o(RESET)
    .ARM.Collect$$$$00000000                 0x080000f4   Section        0  entry.o(.ARM.Collect$$$$00000000)
    .ARM.Collect$$$$00000001                 0x080000f4   Section        4  entry2.o(.ARM.Collect$$$$00000001)
    .ARM.Collect$$$$00000004                 0x080000f8   Section        4  entry5.o(.ARM.Collect$$$$00000004)
    .ARM.Collect$$$$00000008                 0x080000fc   Section        0  entry7b.o(.ARM.Collect$$$$00000008)
    .ARM.Collect$$$$0000000A                 0x080000fc   Section        0  entry8b.o(.ARM.Collect$$$$0000000A)
    .ARM.Collect$$$$0000000B                 0x080000fc   Section        8  entry9a.o(.ARM.Collect$$$$0000000B)
    .ARM.Collect$$$$0000000D                 0x08000104   Section        0  entry10a.o(.ARM.Collect$$$$0000000D)
    .ARM.Collect$$$$0000000F                 0x08000104   Section        0  entry11a.o(.ARM.Collect$$$$0000000F)
    .ARM.Collect$$$$00002712                 0x08000104   Section        4  entry2.o(.ARM.Collect$$$$00002712)
    __lit__00000000                          0x08000104   Data           4  entry2.o(.ARM.Collect$$$$00002712)
    .text                                    0x08000108   Section       36  startup_stm32l1xx_md.o(.text)
    .text                                    0x0800012c   Section        0  fadd.o(.text)
    .text                                    0x080001dc   Section        0  fmul.o(.text)
    .text                                    0x08000240   Section        0  fdiv.o(.text)
    .text                                    0x080002bc   Section        0  dadd.o(.text)
    .text                                    0x0800040a   Section        0  dmul.o(.text)
    .text                                    0x080004ee   Section        0  ddiv.o(.text)
    .text                                    0x080005cc   Section        0  dscalb.o(.text)
    .text                                    0x080005fa   Section        0  ffltui.o(.text)
    .text                                    0x08000604   Section        0  dflti.o(.text)
    .text                                    0x08000626   Section        0  dfltui.o(.text)
    .text                                    0x08000640   Section        0  dfixui.o(.text)
    .text                                    0x08000672   Section        0  f2d.o(.text)
    .text                                    0x08000698   Section        0  d2f.o(.text)
    .text                                    0x080006d0   Section        0  uidiv.o(.text)
    .text                                    0x080006fc   Section        0  uldiv.o(.text)
    .text                                    0x0800075e   Section        0  llshl.o(.text)
    .text                                    0x0800077c   Section        0  llushr.o(.text)
    .text                                    0x0800079c   Section        0  llsshr.o(.text)
    .text                                    0x080007c0   Section        0  iusefp.o(.text)
    .text                                    0x080007c0   Section        0  fepilogue.o(.text)
    .text                                    0x0800082e   Section        0  depilogue.o(.text)
    .text                                    0x080008e8   Section        0  dfixul.o(.text)
    .text                                    0x08000918   Section       48  cdcmple.o(.text)
    .text                                    0x08000948   Section       48  cdrcmple.o(.text)
    .text                                    0x08000978   Section       36  init.o(.text)
    i.AD7798_Calibrate                       0x0800099c   Section        0  spi.o(i.AD7798_Calibrate)
    i.AD7798_Comm                            0x080009c4   Section        0  spi.o(i.AD7798_Comm)
    AD7798_Comm                              0x080009c5   Thumb Code    24  spi.o(i.AD7798_Comm)
    i.AD7798_ContinuousReadData              0x080009dc   Section        0  spi.o(i.AD7798_ContinuousReadData)
    i.AD7798_DataReady                       0x08000a5c   Section        0  spi.o(i.AD7798_DataReady)
    i.AD7798_Init                            0x08000a74   Section        0  spi.o(i.AD7798_Init)
    i.AD7798_ReadOffset                      0x08000ab0   Section        0  spi.o(i.AD7798_ReadOffset)
    i.AD7798_RequestData                     0x08000ace   Section        0  spi.o(i.AD7798_RequestData)
    i.AD7798_SetMode                         0x08000ad8   Section        0  spi.o(i.AD7798_SetMode)
    i.AD7798_StatusRegisterRead              0x08000b06   Section        0  spi.o(i.AD7798_StatusRegisterRead)
    i.AD7798_WriteConfig                     0x08000b1c   Section        0  spi.o(i.AD7798_WriteConfig)
    i.Auto_Smaple                            0x08000b6c   Section        0  main.o(i.Auto_Smaple)
    i.BusFault_Handler                       0x08000bf0   Section        0  stm32l1xx_it.o(i.BusFault_Handler)
    i.DS18B20_Read_Byte                      0x08000bf4   Section        0  ds18b20.o(i.DS18B20_Read_Byte)
    i.DS18B20_Rst                            0x08000cdc   Section        0  ds18b20.o(i.DS18B20_Rst)
    i.DS18B20_TEMP                           0x08000dc4   Section        0  ds18b20.o(i.DS18B20_TEMP)
    i.DS18B20_Write_Byte                     0x08000e90   Section        0  ds18b20.o(i.DS18B20_Write_Byte)
    i.DS18B20_delayus                        0x08000f18   Section        0  ds18b20.o(i.DS18B20_delayus)
    i.DataPrepare                            0x08000f28   Section        0  main.o(i.DataPrepare)
    i.DebugMon_Handler                       0x08000f90   Section        0  stm32l1xx_it.o(i.DebugMon_Handler)
    i.Delay                                  0x08000f94   Section        0  main.o(i.Delay)
    i.EXTI0_IRQHandler                       0x08000fb4   Section        0  stm32l1xx_it.o(i.EXTI0_IRQHandler)
    i.EXTI15_10_IRQHandler                   0x08000fcc   Section        0  stm32l1xx_it.o(i.EXTI15_10_IRQHandler)
    i.EXTI1_IRQHandler                       0x08000fe8   Section        0  stm32l1xx_it.o(i.EXTI1_IRQHandler)
    i.EXTI2_IRQHandler                       0x08001000   Section        0  stm32l1xx_it.o(i.EXTI2_IRQHandler)
    i.EXTI_ClearITPendingBit                 0x08001018   Section        0  stm32l1xx_exti.o(i.EXTI_ClearITPendingBit)
    i.EXTI_GetITStatus                       0x08001024   Section        0  stm32l1xx_exti.o(i.EXTI_GetITStatus)
    i.GPIO_Configuration                     0x08001038   Section        0  gpio.o(i.GPIO_Configuration)
    i.GPIO_Init                              0x080011a8   Section        0  stm32l1xx_gpio.o(i.GPIO_Init)
    i.GPIO_PinAFConfig                       0x0800120e   Section        0  stm32l1xx_gpio.o(i.GPIO_PinAFConfig)
    i.GPIO_ReadInputData                     0x0800122e   Section        0  stm32l1xx_gpio.o(i.GPIO_ReadInputData)
    i.GPIO_ReadInputDataBit                  0x08001232   Section        0  stm32l1xx_gpio.o(i.GPIO_ReadInputDataBit)
    i.GPIO_ResetBits                         0x08001240   Section        0  stm32l1xx_gpio.o(i.GPIO_ResetBits)
    i.GPIO_SetBits                           0x08001244   Section        0  stm32l1xx_gpio.o(i.GPIO_SetBits)
    i.Half_Auto_Sample                       0x08001248   Section        0  main.o(i.Half_Auto_Sample)
    i.HardFault_Handler                      0x080012d0   Section        0  stm32l1xx_it.o(i.HardFault_Handler)
    i.I2C1_Configuration                     0x080012e0   Section        0  i2c.o(i.I2C1_Configuration)
    i.I2C1_ER_IRQHandler                     0x0800139c   Section        0  stm32l1xx_it.o(i.I2C1_ER_IRQHandler)
    i.I2C1_EV_IRQHandler                     0x080013c4   Section        0  stm32l1xx_it.o(i.I2C1_EV_IRQHandler)
    i.I2C1_Init                              0x080014e4   Section        0  i2c.o(i.I2C1_Init)
    i.I2C1_NVICConfig                        0x080014f6   Section        0  i2c.o(i.I2C1_NVICConfig)
    i.I2C1_SlaveAddrConfig                   0x0800152c   Section        0  i2c.o(i.I2C1_SlaveAddrConfig)
    i.I2C_AcknowledgeConfig                  0x08001584   Section        0  stm32l1xx_i2c.o(i.I2C_AcknowledgeConfig)
    i.I2C_Cmd                                0x08001598   Section        0  stm32l1xx_i2c.o(i.I2C_Cmd)
    i.I2C_DeInit                             0x080015ac   Section        0  stm32l1xx_i2c.o(i.I2C_DeInit)
    i.I2C_GetFlagStatus                      0x080015d8   Section        0  stm32l1xx_i2c.o(i.I2C_GetFlagStatus)
    i.I2C_GetLastEvent                       0x08001602   Section        0  stm32l1xx_i2c.o(i.I2C_GetLastEvent)
    i.I2C_ITConfig                           0x08001610   Section        0  stm32l1xx_i2c.o(i.I2C_ITConfig)
    i.I2C_Init                               0x08001620   Section        0  stm32l1xx_i2c.o(i.I2C_Init)
    i.I2C_SendData                           0x080016d8   Section        0  stm32l1xx_i2c.o(i.I2C_SendData)
    i.Instruction_Check                      0x080016dc   Section        0  main.o(i.Instruction_Check)
    i.Manual_Sample                          0x08001714   Section        0  main.o(i.Manual_Sample)
    i.MemManage_Handler                      0x080017a0   Section        0  stm32l1xx_it.o(i.MemManage_Handler)
    i.NMI_Handler                            0x080017a2   Section        0  stm32l1xx_it.o(i.NMI_Handler)
    i.NVIC_Init                              0x080017a4   Section        0  misc.o(i.NVIC_Init)
    i.NVIC_PriorityGroupConfig               0x08001808   Section        0  misc.o(i.NVIC_PriorityGroupConfig)
    i.NVIC_TIM6_Configuration                0x0800181c   Section        0  time.o(i.NVIC_TIM6_Configuration)
    i.OpenSampleLed                          0x0800183c   Section        0  main.o(i.OpenSampleLed)
    i.Open_FCTRL_Chansel                     0x080018a4   Section        0  main.o(i.Open_FCTRL_Chansel)
    i.Open_Temp_Channel                      0x08001944   Section        0  main.o(i.Open_Temp_Channel)
    i.PWM_Configuration                      0x08001994   Section        0  pwm.o(i.PWM_Configuration)
    i.PWM_Disable                            0x08001a34   Section        0  pwm.o(i.PWM_Disable)
    i.PWM_Enable                             0x08001a80   Section        0  pwm.o(i.PWM_Enable)
    i.PendSV_Handler                         0x08001ad0   Section        0  stm32l1xx_it.o(i.PendSV_Handler)
    i.Process                                0x08001ad4   Section        0  main.o(i.Process)
    i.RCC_AHBPeriphClockCmd                  0x08001af0   Section        0  stm32l1xx_rcc.o(i.RCC_AHBPeriphClockCmd)
    i.RCC_APB1PeriphClockCmd                 0x08001b08   Section        0  stm32l1xx_rcc.o(i.RCC_APB1PeriphClockCmd)
    i.RCC_APB1PeriphResetCmd                 0x08001b20   Section        0  stm32l1xx_rcc.o(i.RCC_APB1PeriphResetCmd)
    i.RCC_APB2PeriphClockCmd                 0x08001b38   Section        0  stm32l1xx_rcc.o(i.RCC_APB2PeriphClockCmd)
    i.RCC_APB2PeriphResetCmd                 0x08001b50   Section        0  stm32l1xx_rcc.o(i.RCC_APB2PeriphResetCmd)
    i.RCC_GetClocksFreq                      0x08001b68   Section        0  stm32l1xx_rcc.o(i.RCC_GetClocksFreq)
    i.SPI1_Configuration                     0x08001c10   Section        0  spi.o(i.SPI1_Configuration)
    i.SPI1_ReadWriteByte                     0x08001cd4   Section        0  spi.o(i.SPI1_ReadWriteByte)
    i.SPI_Cmd                                0x08001d18   Section        0  stm32l1xx_spi.o(i.SPI_Cmd)
    i.SPI_I2S_DeInit                         0x08001d2c   Section        0  stm32l1xx_spi.o(i.SPI_I2S_DeInit)
    i.SPI_I2S_GetFlagStatus                  0x08001d80   Section        0  stm32l1xx_spi.o(i.SPI_I2S_GetFlagStatus)
    i.SPI_I2S_ReceiveData                    0x08001d8e   Section        0  stm32l1xx_spi.o(i.SPI_I2S_ReceiveData)
    i.SPI_I2S_SendData                       0x08001d92   Section        0  stm32l1xx_spi.o(i.SPI_I2S_SendData)
    i.SPI_Init                               0x08001d96   Section        0  stm32l1xx_spi.o(i.SPI_Init)
    i.SVC_Handler                            0x08001dce   Section        0  stm32l1xx_it.o(i.SVC_Handler)
    i.SetSysClock                            0x08001dd0   Section        0  system_stm32l1xx.o(i.SetSysClock)
    SetSysClock                              0x08001dd1   Thumb Code   144  system_stm32l1xx.o(i.SetSysClock)
    i.SysTick_Handler                        0x08001e6c   Section        0  stm32l1xx_it.o(i.SysTick_Handler)
    i.SystemInit                             0x08001e90   Section        0  system_stm32l1xx.o(i.SystemInit)
    i.TI1_Config                             0x08001ee4   Section        0  stm32l1xx_tim.o(i.TI1_Config)
    TI1_Config                               0x08001ee5   Thumb Code    46  stm32l1xx_tim.o(i.TI1_Config)
    i.TI2_Config                             0x08001f12   Section        0  stm32l1xx_tim.o(i.TI2_Config)
    TI2_Config                               0x08001f13   Thumb Code    54  stm32l1xx_tim.o(i.TI2_Config)
    i.TIM2_Configuration                     0x08001f48   Section        0  inputcapture.o(i.TIM2_Configuration)
    i.TIM2_Disable                           0x08001fa0   Section        0  inputcapture.o(i.TIM2_Disable)
    i.TIM2_Enable                            0x08001fbc   Section        0  inputcapture.o(i.TIM2_Enable)
    i.TIM2_IRQHandler                        0x08002000   Section        0  stm32l1xx_it.o(i.TIM2_IRQHandler)
    i.TIM6_Configuration                     0x0800208c   Section        0  time.o(i.TIM6_Configuration)
    i.TIM6_Disable                           0x08002094   Section        0  time.o(i.TIM6_Disable)
    i.TIM6_IRQHandler                        0x080020b4   Section        0  stm32l1xx_it.o(i.TIM6_IRQHandler)
    i.TIM6_Reconfiguration                   0x080020e4   Section        0  time.o(i.TIM6_Reconfiguration)
    i.TIM_ClearITPendingBit                  0x08002138   Section        0  stm32l1xx_tim.o(i.TIM_ClearITPendingBit)
    i.TIM_Cmd                                0x0800213e   Section        0  stm32l1xx_tim.o(i.TIM_Cmd)
    i.TIM_GetCapture3                        0x08002152   Section        0  stm32l1xx_tim.o(i.TIM_GetCapture3)
    i.TIM_GetITStatus                        0x08002156   Section        0  stm32l1xx_tim.o(i.TIM_GetITStatus)
    i.TIM_ICInit                             0x0800216e   Section        0  stm32l1xx_tim.o(i.TIM_ICInit)
    i.TIM_ITConfig                           0x0800221a   Section        0  stm32l1xx_tim.o(i.TIM_ITConfig)
    i.TIM_OC2Init                            0x0800222a   Section        0  stm32l1xx_tim.o(i.TIM_OC2Init)
    i.TIM_OC2PreloadConfig                   0x08002266   Section        0  stm32l1xx_tim.o(i.TIM_OC2PreloadConfig)
    i.TIM_SetIC1Prescaler                    0x0800227a   Section        0  stm32l1xx_tim.o(i.TIM_SetIC1Prescaler)
    i.TIM_SetIC2Prescaler                    0x0800228a   Section        0  stm32l1xx_tim.o(i.TIM_SetIC2Prescaler)
    i.TIM_SetIC3Prescaler                    0x080022a2   Section        0  stm32l1xx_tim.o(i.TIM_SetIC3Prescaler)
    i.TIM_SetIC4Prescaler                    0x080022b2   Section        0  stm32l1xx_tim.o(i.TIM_SetIC4Prescaler)
    i.TIM_TimeBaseInit                       0x080022cc   Section        0  stm32l1xx_tim.o(i.TIM_TimeBaseInit)
    i.UART3_Configuration                    0x08002328   Section        0  uart.o(i.UART3_Configuration)
    i.USART1_IRQHandler                      0x080023dc   Section        0  stm32l1xx_it.o(i.USART1_IRQHandler)
    i.USART3_IRQHandler                      0x08002428   Section        0  stm32l1xx_it.o(i.USART3_IRQHandler)
    i.USART_ClearITPendingBit                0x0800247c   Section        0  stm32l1xx_usart.o(i.USART_ClearITPendingBit)
    i.USART_Cmd                              0x08002488   Section        0  stm32l1xx_usart.o(i.USART_Cmd)
    i.USART_GetFlagStatus                    0x0800249c   Section        0  stm32l1xx_usart.o(i.USART_GetFlagStatus)
    i.USART_GetITStatus                      0x080024aa   Section        0  stm32l1xx_usart.o(i.USART_GetITStatus)
    i.USART_ITConfig                         0x080024e8   Section        0  stm32l1xx_usart.o(i.USART_ITConfig)
    i.USART_Init                             0x08002518   Section        0  stm32l1xx_usart.o(i.USART_Init)
    i.USART_PutChar                          0x080025bc   Section        0  uart.o(i.USART_PutChar)
    i.USART_ReceiveData                      0x080025e2   Section        0  stm32l1xx_usart.o(i.USART_ReceiveData)
    i.USART_SendData                         0x080025ea   Section        0  stm32l1xx_usart.o(i.USART_SendData)
    i.UsageFault_Handler                     0x080025f2   Section        0  stm32l1xx_it.o(i.UsageFault_Handler)
    i.__0printf                              0x080025f4   Section        0  printfa.o(i.__0printf)
    i.__kernel_poly                          0x08002614   Section        0  poly.o(i.__kernel_poly)
    i.__mathlib_dbl_divzero                  0x080026c0   Section        0  dunder.o(i.__mathlib_dbl_divzero)
    i.__mathlib_dbl_infnan                   0x080026d0   Section        0  dunder.o(i.__mathlib_dbl_infnan)
    i.__mathlib_dbl_invalid                  0x080026d6   Section        0  dunder.o(i.__mathlib_dbl_invalid)
    i.__scatterload_copy                     0x080026e2   Section       14  handlers.o(i.__scatterload_copy)
    i.__scatterload_null                     0x080026f0   Section        2  handlers.o(i.__scatterload_null)
    i.__scatterload_zeroinit                 0x080026f2   Section       14  handlers.o(i.__scatterload_zeroinit)
    i.__set_errno                            0x08002700   Section        0  errno.o(i.__set_errno)
    i._fp_digits                             0x0800270c   Section        0  printfa.o(i._fp_digits)
    _fp_digits                               0x0800270d   Thumb Code   334  printfa.o(i._fp_digits)
    i._printf_core                           0x08002870   Section        0  printfa.o(i._printf_core)
    _printf_core                             0x08002871   Thumb Code  1744  printfa.o(i._printf_core)
    i._printf_post_padding                   0x08002f4c   Section        0  printfa.o(i._printf_post_padding)
    _printf_post_padding                     0x08002f4d   Thumb Code    36  printfa.o(i._printf_post_padding)
    i._printf_pre_padding                    0x08002f70   Section        0  printfa.o(i._printf_pre_padding)
    _printf_pre_padding                      0x08002f71   Thumb Code    46  printfa.o(i._printf_pre_padding)
    i.calc_itval_r2                          0x08002fa0   Section        0  inputcapture.o(i.calc_itval_r2)
    i.find_mode                              0x08003088   Section        0  inputcapture.o(i.find_mode)
    find_mode                                0x08003089   Thumb Code   142  inputcapture.o(i.find_mode)
    i.floor                                  0x08003118   Section        0  floor.o(i.floor)
    i.fputc                                  0x080031f4   Section        0  uart.o(i.fputc)
    i.get_stress                             0x08003208   Section        0  main.o(i.get_stress)
    i.get_temp_analog                        0x08003288   Section        0  main.o(i.get_temp_analog)
    i.get_temp_ds18b20                       0x080033e4   Section        0  main.o(i.get_temp_ds18b20)
    i.interval_filter                        0x08003430   Section        0  inputcapture.o(i.interval_filter)
    i.log                                    0x08003504   Section        0  log.o(i.log)
    i.log10                                  0x08003860   Section        0  log10.o(i.log10)
    i.main                                   0x08003944   Section        0  main.o(i.main)
    i.sample_stress_channel                  0x08003a04   Section        0  main.o(i.sample_stress_channel)
    .constdata                               0x08003c30   Section       56  log.o(.constdata)
    Lg2                                      0x08003c30   Data          24  log.o(.constdata)
    Lg                                       0x08003c48   Data          32  log.o(.constdata)
    .constdata                               0x08003c68   Section        8  qnan.o(.constdata)
    .data                                    0x20000000   Section       28  main.o(.data)
    db                                       0x20000004   Data           1  main.o(.data)
    .data                                    0x2000001c   Section        1  main.o(.data)
    .data                                    0x20000020   Section        4  main.o(.data)
    .data                                    0x20000024   Section        4  main.o(.data)
    .data                                    0x20000028   Section       12  stm32l1xx_it.o(.data)
    .data                                    0x20000034   Section        1  i2c.o(.data)
    .data                                    0x20000035   Section        1  i2c.o(.data)
    .data                                    0x20000036   Section        1  uart.o(.data)
    .data                                    0x20000037   Section        1  uart.o(.data)
    .data                                    0x20000038   Section        4  inputcapture.o(.data)
    .data                                    0x2000003c   Section        4  inputcapture.o(.data)
    .data                                    0x20000040   Section        4  inputcapture.o(.data)
    .data                                    0x20000044   Section       24  inputcapture.o(.data)
    s                                        0x20000048   Data           4  inputcapture.o(.data)
    acc                                      0x2000004c   Data           4  inputcapture.o(.data)
    cntr                                     0x20000050   Data           4  inputcapture.o(.data)
    lbound                                   0x20000054   Data           4  inputcapture.o(.data)
    ubound                                   0x20000058   Data           4  inputcapture.o(.data)
    .data                                    0x2000005c   Section       25  stm32l1xx_rcc.o(.data)
    PLLMulTable                              0x2000005c   Data           9  stm32l1xx_rcc.o(.data)
    APBAHBPrescTable                         0x20000065   Data          16  stm32l1xx_rcc.o(.data)
    .data                                    0x20000078   Section       29  system_stm32l1xx.o(.data)
    .data                                    0x20000098   Section        4  stdout.o(.data)
    .data                                    0x2000009c   Section        4  errno.o(.data)
    _errno                                   0x2000009c   Data           4  errno.o(.data)
    .bss                                     0x200000a0   Section      128  main.o(.bss)
    temp_buf                                 0x200000a0   Data          10  main.o(.bss)
    .bss                                     0x20000120   Section     1168  uart.o(.bss)
    .bss                                     0x200005b0   Section     4000  inputcapture.o(.bss)
    buf                                      0x200005b0   Data        2000  inputcapture.o(.bss)
    flt_buf                                  0x20000d80   Data        2000  inputcapture.o(.bss)
    .bss                                     0x20001550   Section     2004  inputcapture.o(.bss)
    STACK                                    0x20001d28   Section     1024  startup_stm32l1xx_md.o(STACK)

    Global Symbols

    Symbol Name                              Value     Ov Type        Size  Object(Section)

    BuildAttributes$$THM_ISAv4$P$D$K$B$S$PE$A:L22UL41UL21$X:L11$S22US41US21$IEEE1$IW$USESV6$~STKCKD$USESV7$~SHL$OTIME$ROPI$IEEEX$EBA8$MICROLIB$REQ8$PRES8$EABIv2 0x00000000   Number         0  anon$$obj.o ABSOLUTE
    __ARM_use_no_argv                        0x00000000   Number         0  main.o ABSOLUTE
    _printf_a                                0x00000000   Number         0  stubs.o ABSOLUTE
    _printf_c                                0x00000000   Number         0  stubs.o ABSOLUTE
    _printf_charcount                        0x00000000   Number         0  stubs.o ABSOLUTE
    _printf_d                                0x00000000   Number         0  stubs.o ABSOLUTE
    _printf_e                                0x00000000   Number         0  stubs.o ABSOLUTE
    _printf_f                                0x00000000   Number         0  stubs.o ABSOLUTE
    _printf_flags                            0x00000000   Number         0  stubs.o ABSOLUTE
    _printf_fp_dec                           0x00000000   Number         0  stubs.o ABSOLUTE
    _printf_fp_hex                           0x00000000   Number         0  stubs.o ABSOLUTE
    _printf_g                                0x00000000   Number         0  stubs.o ABSOLUTE
    _printf_i                                0x00000000   Number         0  stubs.o ABSOLUTE
    _printf_int_dec                          0x00000000   Number         0  stubs.o ABSOLUTE
    _printf_l                                0x00000000   Number         0  stubs.o ABSOLUTE
    _printf_lc                               0x00000000   Number         0  stubs.o ABSOLUTE
    _printf_ll                               0x00000000   Number         0  stubs.o ABSOLUTE
    _printf_lld                              0x00000000   Number         0  stubs.o ABSOLUTE
    _printf_lli                              0x00000000   Number         0  stubs.o ABSOLUTE
    _printf_llo                              0x00000000   Number         0  stubs.o ABSOLUTE
    _printf_llu                              0x00000000   Number         0  stubs.o ABSOLUTE
    _printf_llx                              0x00000000   Number         0  stubs.o ABSOLUTE
    _printf_longlong_dec                     0x00000000   Number         0  stubs.o ABSOLUTE
    _printf_longlong_hex                     0x00000000   Number         0  stubs.o ABSOLUTE
    _printf_longlong_oct                     0x00000000   Number         0  stubs.o ABSOLUTE
    _printf_ls                               0x00000000   Number         0  stubs.o ABSOLUTE
    _printf_mbtowc                           0x00000000   Number         0  stubs.o ABSOLUTE
    _printf_n                                0x00000000   Number         0  stubs.o ABSOLUTE
    _printf_o                                0x00000000   Number         0  stubs.o ABSOLUTE
    _printf_p                                0x00000000   Number         0  stubs.o ABSOLUTE
    _printf_percent                          0x00000000   Number         0  stubs.o ABSOLUTE
    _printf_pre_padding                      0x00000000   Number         0  stubs.o ABSOLUTE
    _printf_return_value                     0x00000000   Number         0  stubs.o ABSOLUTE
    _printf_s                                0x00000000   Number         0  stubs.o ABSOLUTE
    _printf_sizespec                         0x00000000   Number         0  stubs.o ABSOLUTE
    _printf_str                              0x00000000   Number         0  stubs.o ABSOLUTE
    _printf_truncate_signed                  0x00000000   Number         0  stubs.o ABSOLUTE
    _printf_truncate_unsigned                0x00000000   Number         0  stubs.o ABSOLUTE
    _printf_u                                0x00000000   Number         0  stubs.o ABSOLUTE
    _printf_wc                               0x00000000   Number         0  stubs.o ABSOLUTE
    _printf_wctomb                           0x00000000   Number         0  stubs.o ABSOLUTE
    _printf_widthprec                        0x00000000   Number         0  stubs.o ABSOLUTE
    _printf_x                                0x00000000   Number         0  stubs.o ABSOLUTE
    __cpp_initialize__aeabi_                  - Undefined Weak Reference
    __cxa_finalize                            - Undefined Weak Reference
    __decompress                              - Undefined Weak Reference
    _clock_init                               - Undefined Weak Reference
    _microlib_exit                            - Undefined Weak Reference
    __Vectors_Size                           0x000000f4   Number         0  startup_stm32l1xx_md.o ABSOLUTE
    __Vectors                                0x08000000   Data           4  startup_stm32l1xx_md.o(RESET)
    __Vectors_End                            0x080000f4   Data           0  startup_stm32l1xx_md.o(RESET)
    __main                                   0x080000f5   Thumb Code     0  entry.o(.ARM.Collect$$$$00000000)
    _main_stk                                0x080000f5   Thumb Code     0  entry2.o(.ARM.Collect$$$$00000001)
    _main_scatterload                        0x080000f9   Thumb Code     0  entry5.o(.ARM.Collect$$$$00000004)
    __main_after_scatterload                 0x080000fd   Thumb Code     0  entry5.o(.ARM.Collect$$$$00000004)
    _main_clock                              0x080000fd   Thumb Code     0  entry7b.o(.ARM.Collect$$$$00000008)
    _main_cpp_init                           0x080000fd   Thumb Code     0  entry8b.o(.ARM.Collect$$$$0000000A)
    _main_init                               0x080000fd   Thumb Code     0  entry9a.o(.ARM.Collect$$$$0000000B)
    __rt_final_cpp                           0x08000105   Thumb Code     0  entry10a.o(.ARM.Collect$$$$0000000D)
    __rt_final_exit                          0x08000105   Thumb Code     0  entry11a.o(.ARM.Collect$$$$0000000F)
    Reset_Handler                            0x08000109   Thumb Code     8  startup_stm32l1xx_md.o(.text)
    ADC1_IRQHandler                          0x08000123   Thumb Code     0  startup_stm32l1xx_md.o(.text)
    COMP_IRQHandler                          0x08000123   Thumb Code     0  startup_stm32l1xx_md.o(.text)
    DAC_IRQHandler                           0x08000123   Thumb Code     0  startup_stm32l1xx_md.o(.text)
    DMA1_Channel1_IRQHandler                 0x08000123   Thumb Code     0  startup_stm32l1xx_md.o(.text)
    DMA1_Channel2_IRQHandler                 0x08000123   Thumb Code     0  startup_stm32l1xx_md.o(.text)
    DMA1_Channel3_IRQHandler                 0x08000123   Thumb Code     0  startup_stm32l1xx_md.o(.text)
    DMA1_Channel4_IRQHandler                 0x08000123   Thumb Code     0  startup_stm32l1xx_md.o(.text)
    DMA1_Channel5_IRQHandler                 0x08000123   Thumb Code     0  startup_stm32l1xx_md.o(.text)
    DMA1_Channel6_IRQHandler                 0x08000123   Thumb Code     0  startup_stm32l1xx_md.o(.text)
    DMA1_Channel7_IRQHandler                 0x08000123   Thumb Code     0  startup_stm32l1xx_md.o(.text)
    EXTI3_IRQHandler                         0x08000123   Thumb Code     0  startup_stm32l1xx_md.o(.text)
    EXTI4_IRQHandler                         0x08000123   Thumb Code     0  startup_stm32l1xx_md.o(.text)
    EXTI9_5_IRQHandler                       0x08000123   Thumb Code     0  startup_stm32l1xx_md.o(.text)
    FLASH_IRQHandler                         0x08000123   Thumb Code     0  startup_stm32l1xx_md.o(.text)
    I2C2_ER_IRQHandler                       0x08000123   Thumb Code     0  startup_stm32l1xx_md.o(.text)
    I2C2_EV_IRQHandler                       0x08000123   Thumb Code     0  startup_stm32l1xx_md.o(.text)
    LCD_IRQHandler                           0x08000123   Thumb Code     0  startup_stm32l1xx_md.o(.text)
    PVD_IRQHandler                           0x08000123   Thumb Code     0  startup_stm32l1xx_md.o(.text)
    RCC_IRQHandler                           0x08000123   Thumb Code     0  startup_stm32l1xx_md.o(.text)
    RTC_Alarm_IRQHandler                     0x08000123   Thumb Code     0  startup_stm32l1xx_md.o(.text)
    RTC_WKUP_IRQHandler                      0x08000123   Thumb Code     0  startup_stm32l1xx_md.o(.text)
    SPI1_IRQHandler                          0x08000123   Thumb Code     0  startup_stm32l1xx_md.o(.text)
    SPI2_IRQHandler                          0x08000123   Thumb Code     0  startup_stm32l1xx_md.o(.text)
    TAMPER_STAMP_IRQHandler                  0x08000123   Thumb Code     0  startup_stm32l1xx_md.o(.text)
    TIM10_IRQHandler                         0x08000123   Thumb Code     0  startup_stm32l1xx_md.o(.text)
    TIM11_IRQHandler                         0x08000123   Thumb Code     0  startup_stm32l1xx_md.o(.text)
    TIM3_IRQHandler                          0x08000123   Thumb Code     0  startup_stm32l1xx_md.o(.text)
    TIM4_IRQHandler                          0x08000123   Thumb Code     0  startup_stm32l1xx_md.o(.text)
    TIM7_IRQHandler                          0x08000123   Thumb Code     0  startup_stm32l1xx_md.o(.text)
    TIM9_IRQHandler                          0x08000123   Thumb Code     0  startup_stm32l1xx_md.o(.text)
    USART2_IRQHandler                        0x08000123   Thumb Code     0  startup_stm32l1xx_md.o(.text)
    USB_FS_WKUP_IRQHandler                   0x08000123   Thumb Code     0  startup_stm32l1xx_md.o(.text)
    USB_HP_IRQHandler                        0x08000123   Thumb Code     0  startup_stm32l1xx_md.o(.text)
    USB_LP_IRQHandler                        0x08000123   Thumb Code     0  startup_stm32l1xx_md.o(.text)
    WWDG_IRQHandler                          0x08000123   Thumb Code     0  startup_stm32l1xx_md.o(.text)
    __aeabi_fadd                             0x0800012d   Thumb Code   164  fadd.o(.text)
    __aeabi_fsub                             0x080001d1   Thumb Code     6  fadd.o(.text)
    __aeabi_frsub                            0x080001d7   Thumb Code     6  fadd.o(.text)
    __aeabi_fmul                             0x080001dd   Thumb Code   100  fmul.o(.text)
    __aeabi_fdiv                             0x08000241   Thumb Code   124  fdiv.o(.text)
    __aeabi_dadd                             0x080002bd   Thumb Code   322  dadd.o(.text)
    __aeabi_dsub                             0x080003ff   Thumb Code     6  dadd.o(.text)
    __aeabi_drsub                            0x08000405   Thumb Code     6  dadd.o(.text)
    __aeabi_dmul                             0x0800040b   Thumb Code   228  dmul.o(.text)
    __aeabi_ddiv                             0x080004ef   Thumb Code   222  ddiv.o(.text)
    __ARM_scalbn                             0x080005cd   Thumb Code    46  dscalb.o(.text)
    scalbn                                   0x080005cd   Thumb Code     0  dscalb.o(.text)
    __aeabi_ui2f                             0x080005fb   Thumb Code    10  ffltui.o(.text)
    __aeabi_i2d                              0x08000605   Thumb Code    34  dflti.o(.text)
    __aeabi_ui2d                             0x08000627   Thumb Code    26  dfltui.o(.text)
    __aeabi_d2uiz                            0x08000641   Thumb Code    50  dfixui.o(.text)
    __aeabi_f2d                              0x08000673   Thumb Code    38  f2d.o(.text)
    __aeabi_d2f                              0x08000699   Thumb Code    56  d2f.o(.text)
    __aeabi_uidiv                            0x080006d1   Thumb Code     0  uidiv.o(.text)
    __aeabi_uidivmod                         0x080006d1   Thumb Code    44  uidiv.o(.text)
    __aeabi_uldivmod                         0x080006fd   Thumb Code    98  uldiv.o(.text)
    __aeabi_llsl                             0x0800075f   Thumb Code    30  llshl.o(.text)
    _ll_shift_l                              0x0800075f   Thumb Code     0  llshl.o(.text)
    __aeabi_llsr                             0x0800077d   Thumb Code    32  llushr.o(.text)
    _ll_ushift_r                             0x0800077d   Thumb Code     0  llushr.o(.text)
    __aeabi_lasr                             0x0800079d   Thumb Code    36  llsshr.o(.text)
    _ll_sshift_r                             0x0800079d   Thumb Code     0  llsshr.o(.text)
    __I$use$fp                               0x080007c1   Thumb Code     0  iusefp.o(.text)
    _float_round                             0x080007c1   Thumb Code    18  fepilogue.o(.text)
    _float_epilogue                          0x080007d3   Thumb Code    92  fepilogue.o(.text)
    _double_round                            0x0800082f   Thumb Code    30  depilogue.o(.text)
    _double_epilogue                         0x0800084d   Thumb Code   156  depilogue.o(.text)
    __aeabi_d2ulz                            0x080008e9   Thumb Code    48  dfixul.o(.text)
    __aeabi_cdcmpeq                          0x08000919   Thumb Code     0  cdcmple.o(.text)
    __aeabi_cdcmple                          0x08000919   Thumb Code    48  cdcmple.o(.text)
    __aeabi_cdrcmple                         0x08000949   Thumb Code    48  cdrcmple.o(.text)
    __scatterload                            0x08000979   Thumb Code    28  init.o(.text)
    __scatterload_rt2                        0x08000979   Thumb Code     0  init.o(.text)
    AD7798_Calibrate                         0x0800099d   Thumb Code    40  spi.o(i.AD7798_Calibrate)
    AD7798_ContinuousReadData                0x080009dd   Thumb Code   124  spi.o(i.AD7798_ContinuousReadData)
    AD7798_DataReady                         0x08000a5d   Thumb Code    20  spi.o(i.AD7798_DataReady)
    AD7798_Init                              0x08000a75   Thumb Code    56  spi.o(i.AD7798_Init)
    AD7798_ReadOffset                        0x08000ab1   Thumb Code    30  spi.o(i.AD7798_ReadOffset)
    AD7798_RequestData                       0x08000acf   Thumb Code    10  spi.o(i.AD7798_RequestData)
    AD7798_SetMode                           0x08000ad9   Thumb Code    46  spi.o(i.AD7798_SetMode)
    AD7798_StatusRegisterRead                0x08000b07   Thumb Code    22  spi.o(i.AD7798_StatusRegisterRead)
    AD7798_WriteConfig                       0x08000b1d   Thumb Code    80  spi.o(i.AD7798_WriteConfig)
    Auto_Smaple                              0x08000b6d   Thumb Code    90  main.o(i.Auto_Smaple)
    BusFault_Handler                         0x08000bf1   Thumb Code     2  stm32l1xx_it.o(i.BusFault_Handler)
    DS18B20_Read_Byte                        0x08000bf5   Thumb Code   228  ds18b20.o(i.DS18B20_Read_Byte)
    DS18B20_Rst                              0x08000cdd   Thumb Code   226  ds18b20.o(i.DS18B20_Rst)
    DS18B20_TEMP                             0x08000dc5   Thumb Code   166  ds18b20.o(i.DS18B20_TEMP)
    DS18B20_Write_Byte                       0x08000e91   Thumb Code   130  ds18b20.o(i.DS18B20_Write_Byte)
    DS18B20_delayus                          0x08000f19   Thumb Code    14  ds18b20.o(i.DS18B20_delayus)
    DataPrepare                              0x08000f29   Thumb Code    94  main.o(i.DataPrepare)
    DebugMon_Handler                         0x08000f91   Thumb Code     2  stm32l1xx_it.o(i.DebugMon_Handler)
    Delay                                    0x08000f95   Thumb Code    28  main.o(i.Delay)
    EXTI0_IRQHandler                         0x08000fb5   Thumb Code    24  stm32l1xx_it.o(i.EXTI0_IRQHandler)
    EXTI15_10_IRQHandler                     0x08000fcd   Thumb Code    28  stm32l1xx_it.o(i.EXTI15_10_IRQHandler)
    EXTI1_IRQHandler                         0x08000fe9   Thumb Code    24  stm32l1xx_it.o(i.EXTI1_IRQHandler)
    EXTI2_IRQHandler                         0x08001001   Thumb Code    24  stm32l1xx_it.o(i.EXTI2_IRQHandler)
    EXTI_ClearITPendingBit                   0x08001019   Thumb Code     6  stm32l1xx_exti.o(i.EXTI_ClearITPendingBit)
    EXTI_GetITStatus                         0x08001025   Thumb Code    16  stm32l1xx_exti.o(i.EXTI_GetITStatus)
    GPIO_Configuration                       0x08001039   Thumb Code   356  gpio.o(i.GPIO_Configuration)
    GPIO_Init                                0x080011a9   Thumb Code   102  stm32l1xx_gpio.o(i.GPIO_Init)
    GPIO_PinAFConfig                         0x0800120f   Thumb Code    32  stm32l1xx_gpio.o(i.GPIO_PinAFConfig)
    GPIO_ReadInputData                       0x0800122f   Thumb Code     4  stm32l1xx_gpio.o(i.GPIO_ReadInputData)
    GPIO_ReadInputDataBit                    0x08001233   Thumb Code    14  stm32l1xx_gpio.o(i.GPIO_ReadInputDataBit)
    GPIO_ResetBits                           0x08001241   Thumb Code     4  stm32l1xx_gpio.o(i.GPIO_ResetBits)
    GPIO_SetBits                             0x08001245   Thumb Code     4  stm32l1xx_gpio.o(i.GPIO_SetBits)
    Half_Auto_Sample                         0x08001249   Thumb Code    96  main.o(i.Half_Auto_Sample)
    HardFault_Handler                        0x080012d1   Thumb Code    12  stm32l1xx_it.o(i.HardFault_Handler)
    I2C1_Configuration                       0x080012e1   Thumb Code   172  i2c.o(i.I2C1_Configuration)
    I2C1_ER_IRQHandler                       0x0800139d   Thumb Code    32  stm32l1xx_it.o(i.I2C1_ER_IRQHandler)
    I2C1_EV_IRQHandler                       0x080013c5   Thumb Code   234  stm32l1xx_it.o(i.I2C1_EV_IRQHandler)
    I2C1_Init                                0x080014e5   Thumb Code    18  i2c.o(i.I2C1_Init)
    I2C1_NVICConfig                          0x080014f7   Thumb Code    52  i2c.o(i.I2C1_NVICConfig)
    I2C1_SlaveAddrConfig                     0x0800152d   Thumb Code    80  i2c.o(i.I2C1_SlaveAddrConfig)
    I2C_AcknowledgeConfig                    0x08001585   Thumb Code    20  stm32l1xx_i2c.o(i.I2C_AcknowledgeConfig)
    I2C_Cmd                                  0x08001599   Thumb Code    20  stm32l1xx_i2c.o(i.I2C_Cmd)
    I2C_DeInit                               0x080015ad   Thumb Code    38  stm32l1xx_i2c.o(i.I2C_DeInit)
    I2C_GetFlagStatus                        0x080015d9   Thumb Code    42  stm32l1xx_i2c.o(i.I2C_GetFlagStatus)
    I2C_GetLastEvent                         0x08001603   Thumb Code    14  stm32l1xx_i2c.o(i.I2C_GetLastEvent)
    I2C_ITConfig                             0x08001611   Thumb Code    16  stm32l1xx_i2c.o(i.I2C_ITConfig)
    I2C_Init                                 0x08001621   Thumb Code   174  stm32l1xx_i2c.o(i.I2C_Init)
    I2C_SendData                             0x080016d9   Thumb Code     4  stm32l1xx_i2c.o(i.I2C_SendData)
    Instruction_Check                        0x080016dd   Thumb Code    46  main.o(i.Instruction_Check)
    Manual_Sample                            0x08001715   Thumb Code    98  main.o(i.Manual_Sample)
    MemManage_Handler                        0x080017a1   Thumb Code     2  stm32l1xx_it.o(i.MemManage_Handler)
    NMI_Handler                              0x080017a3   Thumb Code     2  stm32l1xx_it.o(i.NMI_Handler)
    NVIC_Init                                0x080017a5   Thumb Code    96  misc.o(i.NVIC_Init)
    NVIC_PriorityGroupConfig                 0x08001809   Thumb Code    10  misc.o(i.NVIC_PriorityGroupConfig)
    NVIC_TIM6_Configuration                  0x0800181d   Thumb Code    32  time.o(i.NVIC_TIM6_Configuration)
    OpenSampleLed                            0x0800183d   Thumb Code    94  main.o(i.OpenSampleLed)
    Open_FCTRL_Chansel                       0x080018a5   Thumb Code   148  main.o(i.Open_FCTRL_Chansel)
    Open_Temp_Channel                        0x08001945   Thumb Code    74  main.o(i.Open_Temp_Channel)
    PWM_Configuration                        0x08001995   Thumb Code   146  pwm.o(i.PWM_Configuration)
    PWM_Disable                              0x08001a35   Thumb Code    66  pwm.o(i.PWM_Disable)
    PWM_Enable                               0x08001a81   Thumb Code    70  pwm.o(i.PWM_Enable)
    PendSV_Handler                           0x08001ad1   Thumb Code     2  stm32l1xx_it.o(i.PendSV_Handler)
    Process                                  0x08001ad5   Thumb Code    22  main.o(i.Process)
    RCC_AHBPeriphClockCmd                    0x08001af1   Thumb Code    18  stm32l1xx_rcc.o(i.RCC_AHBPeriphClockCmd)
    RCC_APB1PeriphClockCmd                   0x08001b09   Thumb Code    18  stm32l1xx_rcc.o(i.RCC_APB1PeriphClockCmd)
    RCC_APB1PeriphResetCmd                   0x08001b21   Thumb Code    18  stm32l1xx_rcc.o(i.RCC_APB1PeriphResetCmd)
    RCC_APB2PeriphClockCmd                   0x08001b39   Thumb Code    18  stm32l1xx_rcc.o(i.RCC_APB2PeriphClockCmd)
    RCC_APB2PeriphResetCmd                   0x08001b51   Thumb Code    18  stm32l1xx_rcc.o(i.RCC_APB2PeriphResetCmd)
    RCC_GetClocksFreq                        0x08001b69   Thumb Code   154  stm32l1xx_rcc.o(i.RCC_GetClocksFreq)
    SPI1_Configuration                       0x08001c11   Thumb Code   188  spi.o(i.SPI1_Configuration)
    SPI1_ReadWriteByte                       0x08001cd5   Thumb Code    64  spi.o(i.SPI1_ReadWriteByte)
    SPI_Cmd                                  0x08001d19   Thumb Code    20  stm32l1xx_spi.o(i.SPI_Cmd)
    SPI_I2S_DeInit                           0x08001d2d   Thumb Code    72  stm32l1xx_spi.o(i.SPI_I2S_DeInit)
    SPI_I2S_GetFlagStatus                    0x08001d81   Thumb Code    14  stm32l1xx_spi.o(i.SPI_I2S_GetFlagStatus)
    SPI_I2S_ReceiveData                      0x08001d8f   Thumb Code     4  stm32l1xx_spi.o(i.SPI_I2S_ReceiveData)
    SPI_I2S_SendData                         0x08001d93   Thumb Code     4  stm32l1xx_spi.o(i.SPI_I2S_SendData)
    SPI_Init                                 0x08001d97   Thumb Code    56  stm32l1xx_spi.o(i.SPI_Init)
    SVC_Handler                              0x08001dcf   Thumb Code     2  stm32l1xx_it.o(i.SVC_Handler)
    SysTick_Handler                          0x08001e6d   Thumb Code    24  stm32l1xx_it.o(i.SysTick_Handler)
    SystemInit                               0x08001e91   Thumb Code    68  system_stm32l1xx.o(i.SystemInit)
    TIM2_Configuration                       0x08001f49   Thumb Code    84  inputcapture.o(i.TIM2_Configuration)
    TIM2_Disable                             0x08001fa1   Thumb Code    26  inputcapture.o(i.TIM2_Disable)
    TIM2_Enable                              0x08001fbd   Thumb Code    64  inputcapture.o(i.TIM2_Enable)
    TIM2_IRQHandler                          0x08002001   Thumb Code   122  stm32l1xx_it.o(i.TIM2_IRQHandler)
    TIM6_Configuration                       0x0800208d   Thumb Code     8  time.o(i.TIM6_Configuration)
    TIM6_Disable                             0x08002095   Thumb Code    26  time.o(i.TIM6_Disable)
    TIM6_IRQHandler                          0x080020b5   Thumb Code    40  stm32l1xx_it.o(i.TIM6_IRQHandler)
    TIM6_Reconfiguration                     0x080020e5   Thumb Code    76  time.o(i.TIM6_Reconfiguration)
    TIM_ClearITPendingBit                    0x08002139   Thumb Code     6  stm32l1xx_tim.o(i.TIM_ClearITPendingBit)
    TIM_Cmd                                  0x0800213f   Thumb Code    20  stm32l1xx_tim.o(i.TIM_Cmd)
    TIM_GetCapture3                          0x08002153   Thumb Code     4  stm32l1xx_tim.o(i.TIM_GetCapture3)
    TIM_GetITStatus                          0x08002157   Thumb Code    24  stm32l1xx_tim.o(i.TIM_GetITStatus)
    TIM_ICInit                               0x0800216f   Thumb Code   172  stm32l1xx_tim.o(i.TIM_ICInit)
    TIM_ITConfig                             0x0800221b   Thumb Code    16  stm32l1xx_tim.o(i.TIM_ITConfig)
    TIM_OC2Init                              0x0800222b   Thumb Code    60  stm32l1xx_tim.o(i.TIM_OC2Init)
    TIM_OC2PreloadConfig                     0x08002267   Thumb Code    20  stm32l1xx_tim.o(i.TIM_OC2PreloadConfig)
    TIM_SetIC1Prescaler                      0x0800227b   Thumb Code    16  stm32l1xx_tim.o(i.TIM_SetIC1Prescaler)
    TIM_SetIC2Prescaler                      0x0800228b   Thumb Code    24  stm32l1xx_tim.o(i.TIM_SetIC2Prescaler)
    TIM_SetIC3Prescaler                      0x080022a3   Thumb Code    16  stm32l1xx_tim.o(i.TIM_SetIC3Prescaler)
    TIM_SetIC4Prescaler                      0x080022b3   Thumb Code    24  stm32l1xx_tim.o(i.TIM_SetIC4Prescaler)
    TIM_TimeBaseInit                         0x080022cd   Thumb Code    70  stm32l1xx_tim.o(i.TIM_TimeBaseInit)
    UART3_Configuration                      0x08002329   Thumb Code   166  uart.o(i.UART3_Configuration)
    USART1_IRQHandler                        0x080023dd   Thumb Code    62  stm32l1xx_it.o(i.USART1_IRQHandler)
    USART3_IRQHandler                        0x08002429   Thumb Code    70  stm32l1xx_it.o(i.USART3_IRQHandler)
    USART_ClearITPendingBit                  0x0800247d   Thumb Code    12  stm32l1xx_usart.o(i.USART_ClearITPendingBit)
    USART_Cmd                                0x08002489   Thumb Code    20  stm32l1xx_usart.o(i.USART_Cmd)
    USART_GetFlagStatus                      0x0800249d   Thumb Code    14  stm32l1xx_usart.o(i.USART_GetFlagStatus)
    USART_GetITStatus                        0x080024ab   Thumb Code    62  stm32l1xx_usart.o(i.USART_GetITStatus)
    USART_ITConfig                           0x080024e9   Thumb Code    48  stm32l1xx_usart.o(i.USART_ITConfig)
    USART_Init                               0x08002519   Thumb Code   158  stm32l1xx_usart.o(i.USART_Init)
    USART_PutChar                            0x080025bd   Thumb Code    38  uart.o(i.USART_PutChar)
    USART_ReceiveData                        0x080025e3   Thumb Code     8  stm32l1xx_usart.o(i.USART_ReceiveData)
    USART_SendData                           0x080025eb   Thumb Code     8  stm32l1xx_usart.o(i.USART_SendData)
    UsageFault_Handler                       0x080025f3   Thumb Code     2  stm32l1xx_it.o(i.UsageFault_Handler)
    __0printf                                0x080025f5   Thumb Code    22  printfa.o(i.__0printf)
    __1printf                                0x080025f5   Thumb Code     0  printfa.o(i.__0printf)
    __2printf                                0x080025f5   Thumb Code     0  printfa.o(i.__0printf)
    __c89printf                              0x080025f5   Thumb Code     0  printfa.o(i.__0printf)
    printf                                   0x080025f5   Thumb Code     0  printfa.o(i.__0printf)
    __kernel_poly                            0x08002615   Thumb Code   170  poly.o(i.__kernel_poly)
    __mathlib_dbl_divzero                    0x080026c1   Thumb Code    12  dunder.o(i.__mathlib_dbl_divzero)
    __mathlib_dbl_infnan                     0x080026d1   Thumb Code     6  dunder.o(i.__mathlib_dbl_infnan)
    __mathlib_dbl_invalid                    0x080026d7   Thumb Code    12  dunder.o(i.__mathlib_dbl_invalid)
    __scatterload_copy                       0x080026e3   Thumb Code    14  handlers.o(i.__scatterload_copy)
    __scatterload_null                       0x080026f1   Thumb Code     2  handlers.o(i.__scatterload_null)
    __scatterload_zeroinit                   0x080026f3   Thumb Code    14  handlers.o(i.__scatterload_zeroinit)
    __set_errno                              0x08002701   Thumb Code     6  errno.o(i.__set_errno)
    calc_itval_r2                            0x08002fa1   Thumb Code   218  inputcapture.o(i.calc_itval_r2)
    floor                                    0x08003119   Thumb Code   204  floor.o(i.floor)
    fputc                                    0x080031f5   Thumb Code    16  uart.o(i.fputc)
    get_stress                               0x08003209   Thumb Code    72  main.o(i.get_stress)
    get_temp_analog                          0x08003289   Thumb Code   264  main.o(i.get_temp_analog)
    get_temp_ds18b20                         0x080033e5   Thumb Code    50  main.o(i.get_temp_ds18b20)
    interval_filter                          0x08003431   Thumb Code   190  inputcapture.o(i.interval_filter)
    log                                      0x08003505   Thumb Code   808  log.o(i.log)
    log10                                    0x08003861   Thumb Code   198  log10.o(i.log10)
    main                                     0x08003945   Thumb Code   146  main.o(i.main)
    sample_stress_channel                    0x08003a05   Thumb Code   370  main.o(i.sample_stress_channel)
    __mathlib_zero                           0x08003c68   Data           8  qnan.o(.constdata)
    Region$$Table$$Base                      0x08003c70   Number         0  anon$$obj.o(Region$$Table)
    Region$$Table$$Limit                     0x08003c90   Number         0  anon$$obj.o(Region$$Table)
    DelayTimeFlag                            0x20000000   Data           1  main.o(.data)
    TEMP_Flag                                0x20000001   Data           1  main.o(.data)
    Stress_Flag                              0x20000002   Data           1  main.o(.data)
    SensorType_Flag                          0x20000003   Data           1  main.o(.data)
    DelayTime                                0x20000006   Data           2  main.o(.data)
    err_cnt                                  0x20000008   Data           2  main.o(.data)
    Receive_CfgDATA                          0x2000000a   Data           3  main.o(.data)
    TimingDelay                              0x20000010   Data           4  main.o(.data)
    temp_data                                0x20000014   Data           4  main.o(.data)
    FreqValue                                0x20000018   Data           4  main.o(.data)
    Slave_TxBufLen                           0x2000001c   Data           1  main.o(.data)
    Pr_Tx                                    0x20000020   Data           4  main.o(.data)
    SysTick_Count                            0x20000024   Data           4  main.o(.data)
    Tx_p                                     0x20000028   Data           1  stm32l1xx_it.o(.data)
    Rx_p                                     0x20000029   Data           1  stm32l1xx_it.o(.data)
    Event                                    0x2000002c   Data           4  stm32l1xx_it.o(.data)
    UNused_DATA                              0x20000030   Data           4  stm32l1xx_it.o(.data)
    I2C_Received_Flag                        0x20000034   Data           1  i2c.o(.data)
    CB_ADDR                                  0x20000035   Data           1  i2c.o(.data)
    Uart1Flag                                0x20000036   Data           1  uart.o(.data)
    Uart3Flag                                0x20000037   Data           1  uart.o(.data)
    CaptureFlag2                             0x20000038   Data           4  inputcapture.o(.data)
    CaptureNumber                            0x2000003c   Data           4  inputcapture.o(.data)
    CaptureFinishFlag                        0x20000040   Data           4  inputcapture.o(.data)
    CaptureChannelFlag                       0x20000044   Data           4  inputcapture.o(.data)
    SystemCoreClock                          0x20000078   Data           4  system_stm32l1xx.o(.data)
    PLLMulTable                              0x2000007c   Data           9  system_stm32l1xx.o(.data)
    AHBPrescTable                            0x20000085   Data          16  system_stm32l1xx.o(.data)
    __stdout                                 0x20000098   Data           4  stdout.o(.data)
    Send_Buff                                0x200000aa   Data          54  main.o(.bss)
    I2C1_Buffer_Rx                           0x200000e0   Data          64  main.o(.bss)
    uart1_rbuf                               0x20000120   Data        1032  uart.o(.bss)
    uart3_rbuf                               0x20000528   Data         136  uart.o(.bss)
    databuf2                                 0x20001550   Data        2004  inputcapture.o(.bss)
    __initial_sp                             0x20002128   Data           0  startup_stm32l1xx_md.o(STACK)



==============================================================================

Memory Map of the image

  Image Entry point : 0x080000f5

  Load Region LR_IROM1 (Base: 0x08000000, Size: 0x00003d30, Max: 0x00020000, ABSOLUTE)

    Execution Region ER_IROM1 (Base: 0x08000000, Size: 0x00003c90, Max: 0x00020000, ABSOLUTE)

    Base Addr    Size         Type   Attr      Idx    E Section Name        Object

    0x08000000   0x000000f4   Data   RO         4768    RESET               startup_stm32l1xx_md.o
    0x080000f4   0x00000000   Code   RO         4795  * .ARM.Collect$$$$00000000  mc_w.l(entry.o)
    0x080000f4   0x00000004   Code   RO         5102    .ARM.Collect$$$$00000001  mc_w.l(entry2.o)
    0x080000f8   0x00000004   Code   RO         5105    .ARM.Collect$$$$00000004  mc_w.l(entry5.o)
    0x080000fc   0x00000000   Code   RO         5107    .ARM.Collect$$$$00000008  mc_w.l(entry7b.o)
    0x080000fc   0x00000000   Code   RO         5109    .ARM.Collect$$$$0000000A  mc_w.l(entry8b.o)
    0x080000fc   0x00000008   Code   RO         5110    .ARM.Collect$$$$0000000B  mc_w.l(entry9a.o)
    0x08000104   0x00000000   Code   RO         5112    .ARM.Collect$$$$0000000D  mc_w.l(entry10a.o)
    0x08000104   0x00000000   Code   RO         5114    .ARM.Collect$$$$0000000F  mc_w.l(entry11a.o)
    0x08000104   0x00000004   Code   RO         5103    .ARM.Collect$$$$00002712  mc_w.l(entry2.o)
    0x08000108   0x00000024   Code   RO         4769    .text               startup_stm32l1xx_md.o
    0x0800012c   0x000000b0   Code   RO         5059    .text               mf_w.l(fadd.o)
    0x080001dc   0x00000064   Code   RO         5061    .text               mf_w.l(fmul.o)
    0x08000240   0x0000007c   Code   RO         5063    .text               mf_w.l(fdiv.o)
    0x080002bc   0x0000014e   Code   RO         5065    .text               mf_w.l(dadd.o)
    0x0800040a   0x000000e4   Code   RO         5067    .text               mf_w.l(dmul.o)
    0x080004ee   0x000000de   Code   RO         5069    .text               mf_w.l(ddiv.o)
    0x080005cc   0x0000002e   Code   RO         5071    .text               mf_w.l(dscalb.o)
    0x080005fa   0x0000000a   Code   RO         5073    .text               mf_w.l(ffltui.o)
    0x08000604   0x00000022   Code   RO         5075    .text               mf_w.l(dflti.o)
    0x08000626   0x0000001a   Code   RO         5077    .text               mf_w.l(dfltui.o)
    0x08000640   0x00000032   Code   RO         5079    .text               mf_w.l(dfixui.o)
    0x08000672   0x00000026   Code   RO         5081    .text               mf_w.l(f2d.o)
    0x08000698   0x00000038   Code   RO         5083    .text               mf_w.l(d2f.o)
    0x080006d0   0x0000002c   Code   RO         5117    .text               mc_w.l(uidiv.o)
    0x080006fc   0x00000062   Code   RO         5119    .text               mc_w.l(uldiv.o)
    0x0800075e   0x0000001e   Code   RO         5121    .text               mc_w.l(llshl.o)
    0x0800077c   0x00000020   Code   RO         5123    .text               mc_w.l(llushr.o)
    0x0800079c   0x00000024   Code   RO         5125    .text               mc_w.l(llsshr.o)
    0x080007c0   0x00000000   Code   RO         5134    .text               mc_w.l(iusefp.o)
    0x080007c0   0x0000006e   Code   RO         5135    .text               mf_w.l(fepilogue.o)
    0x0800082e   0x000000ba   Code   RO         5137    .text               mf_w.l(depilogue.o)
    0x080008e8   0x00000030   Code   RO         5139    .text               mf_w.l(dfixul.o)
    0x08000918   0x00000030   Code   RO         5141    .text               mf_w.l(cdcmple.o)
    0x08000948   0x00000030   Code   RO         5143    .text               mf_w.l(cdrcmple.o)
    0x08000978   0x00000024   Code   RO         5145    .text               mc_w.l(init.o)
    0x0800099c   0x00000028   Code   RO          409    i.AD7798_Calibrate  spi.o
    0x080009c4   0x00000018   Code   RO          410    i.AD7798_Comm       spi.o
    0x080009dc   0x00000080   Code   RO          411    i.AD7798_ContinuousReadData  spi.o
    0x08000a5c   0x00000018   Code   RO          412    i.AD7798_DataReady  spi.o
    0x08000a74   0x0000003c   Code   RO          413    i.AD7798_Init       spi.o
    0x08000ab0   0x0000001e   Code   RO          415    i.AD7798_ReadOffset  spi.o
    0x08000ace   0x0000000a   Code   RO          417    i.AD7798_RequestData  spi.o
    0x08000ad8   0x0000002e   Code   RO          418    i.AD7798_SetMode    spi.o
    0x08000b06   0x00000016   Code   RO          419    i.AD7798_StatusRegisterRead  spi.o
    0x08000b1c   0x00000050   Code   RO          420    i.AD7798_WriteConfig  spi.o
    0x08000b6c   0x00000084   Code   RO            4    i.Auto_Smaple       main.o
    0x08000bf0   0x00000002   Code   RO          241    i.BusFault_Handler  stm32l1xx_it.o
    0x08000bf2   0x00000002   PAD
    0x08000bf4   0x000000e8   Code   RO          791    i.DS18B20_Read_Byte  ds18b20.o
    0x08000cdc   0x000000e8   Code   RO          792    i.DS18B20_Rst       ds18b20.o
    0x08000dc4   0x000000cc   Code   RO          793    i.DS18B20_TEMP      ds18b20.o
    0x08000e90   0x00000088   Code   RO          794    i.DS18B20_Write_Byte  ds18b20.o
    0x08000f18   0x0000000e   Code   RO          795    i.DS18B20_delayus   ds18b20.o
    0x08000f26   0x00000002   PAD
    0x08000f28   0x00000068   Code   RO            5    i.DataPrepare       main.o
    0x08000f90   0x00000002   Code   RO          242    i.DebugMon_Handler  stm32l1xx_it.o
    0x08000f92   0x00000002   PAD
    0x08000f94   0x00000020   Code   RO            6    i.Delay             main.o
    0x08000fb4   0x00000018   Code   RO          243    i.EXTI0_IRQHandler  stm32l1xx_it.o
    0x08000fcc   0x0000001c   Code   RO          244    i.EXTI15_10_IRQHandler  stm32l1xx_it.o
    0x08000fe8   0x00000018   Code   RO          245    i.EXTI1_IRQHandler  stm32l1xx_it.o
    0x08001000   0x00000018   Code   RO          246    i.EXTI2_IRQHandler  stm32l1xx_it.o
    0x08001018   0x0000000c   Code   RO         1752    i.EXTI_ClearITPendingBit  stm32l1xx_exti.o
    0x08001024   0x00000014   Code   RO         1756    i.EXTI_GetITStatus  stm32l1xx_exti.o
    0x08001038   0x00000170   Code   RO          385    i.GPIO_Configuration  gpio.o
    0x080011a8   0x00000066   Code   RO         2219    i.GPIO_Init         stm32l1xx_gpio.o
    0x0800120e   0x00000020   Code   RO         2220    i.GPIO_PinAFConfig  stm32l1xx_gpio.o
    0x0800122e   0x00000004   Code   RO         2222    i.GPIO_ReadInputData  stm32l1xx_gpio.o
    0x08001232   0x0000000e   Code   RO         2223    i.GPIO_ReadInputDataBit  stm32l1xx_gpio.o
    0x08001240   0x00000004   Code   RO         2226    i.GPIO_ResetBits    stm32l1xx_gpio.o
    0x08001244   0x00000004   Code   RO         2227    i.GPIO_SetBits      stm32l1xx_gpio.o
    0x08001248   0x00000088   Code   RO            8    i.Half_Auto_Sample  main.o
    0x080012d0   0x00000010   Code   RO          247    i.HardFault_Handler  stm32l1xx_it.o
    0x080012e0   0x000000bc   Code   RO          553    i.I2C1_Configuration  i2c.o
    0x0800139c   0x00000028   Code   RO          248    i.I2C1_ER_IRQHandler  stm32l1xx_it.o
    0x080013c4   0x00000120   Code   RO          249    i.I2C1_EV_IRQHandler  stm32l1xx_it.o
    0x080014e4   0x00000012   Code   RO          554    i.I2C1_Init         i2c.o
    0x080014f6   0x00000034   Code   RO          555    i.I2C1_NVICConfig   i2c.o
    0x0800152a   0x00000002   PAD
    0x0800152c   0x00000058   Code   RO          556    i.I2C1_SlaveAddrConfig  i2c.o
    0x08001584   0x00000014   Code   RO         2324    i.I2C_AcknowledgeConfig  stm32l1xx_i2c.o
    0x08001598   0x00000014   Code   RO         2329    i.I2C_Cmd           stm32l1xx_i2c.o
    0x080015ac   0x0000002c   Code   RO         2332    i.I2C_DeInit        stm32l1xx_i2c.o
    0x080015d8   0x0000002a   Code   RO         2338    i.I2C_GetFlagStatus  stm32l1xx_i2c.o
    0x08001602   0x0000000e   Code   RO         2340    i.I2C_GetLastEvent  stm32l1xx_i2c.o
    0x08001610   0x00000010   Code   RO         2342    i.I2C_ITConfig      stm32l1xx_i2c.o
    0x08001620   0x000000b8   Code   RO         2343    i.I2C_Init          stm32l1xx_i2c.o
    0x080016d8   0x00000004   Code   RO         2351    i.I2C_SendData      stm32l1xx_i2c.o
    0x080016dc   0x00000038   Code   RO           10    i.Instruction_Check  main.o
    0x08001714   0x0000008c   Code   RO           11    i.Manual_Sample     main.o
    0x080017a0   0x00000002   Code   RO          250    i.MemManage_Handler  stm32l1xx_it.o
    0x080017a2   0x00000002   Code   RO          251    i.NMI_Handler       stm32l1xx_it.o
    0x080017a4   0x00000064   Code   RO          848    i.NVIC_Init         misc.o
    0x08001808   0x00000014   Code   RO          849    i.NVIC_PriorityGroupConfig  misc.o
    0x0800181c   0x00000020   Code   RO          511    i.NVIC_TIM6_Configuration  time.o
    0x0800183c   0x00000068   Code   RO           12    i.OpenSampleLed     main.o
    0x080018a4   0x000000a0   Code   RO           13    i.Open_FCTRL_Chansel  main.o
    0x08001944   0x00000050   Code   RO           14    i.Open_Temp_Channel  main.o
    0x08001994   0x000000a0   Code   RO          688    i.PWM_Configuration  pwm.o
    0x08001a34   0x0000004c   Code   RO          689    i.PWM_Disable       pwm.o
    0x08001a80   0x00000050   Code   RO          690    i.PWM_Enable        pwm.o
    0x08001ad0   0x00000002   Code   RO          252    i.PendSV_Handler    stm32l1xx_it.o
    0x08001ad2   0x00000002   PAD
    0x08001ad4   0x0000001c   Code   RO           15    i.Process           main.o
    0x08001af0   0x00000018   Code   RO         2902    i.RCC_AHBPeriphClockCmd  stm32l1xx_rcc.o
    0x08001b08   0x00000018   Code   RO         2905    i.RCC_APB1PeriphClockCmd  stm32l1xx_rcc.o
    0x08001b20   0x00000018   Code   RO         2907    i.RCC_APB1PeriphResetCmd  stm32l1xx_rcc.o
    0x08001b38   0x00000018   Code   RO         2908    i.RCC_APB2PeriphClockCmd  stm32l1xx_rcc.o
    0x08001b50   0x00000018   Code   RO         2910    i.RCC_APB2PeriphResetCmd  stm32l1xx_rcc.o
    0x08001b68   0x000000a8   Code   RO         2917    i.RCC_GetClocksFreq  stm32l1xx_rcc.o
    0x08001c10   0x000000c4   Code   RO          422    i.SPI1_Configuration  spi.o
    0x08001cd4   0x00000044   Code   RO          423    i.SPI1_ReadWriteByte  spi.o
    0x08001d18   0x00000014   Code   RO         3708    i.SPI_Cmd           stm32l1xx_spi.o
    0x08001d2c   0x00000054   Code   RO         3715    i.SPI_I2S_DeInit    stm32l1xx_spi.o
    0x08001d80   0x0000000e   Code   RO         3716    i.SPI_I2S_GetFlagStatus  stm32l1xx_spi.o
    0x08001d8e   0x00000004   Code   RO         3719    i.SPI_I2S_ReceiveData  stm32l1xx_spi.o
    0x08001d92   0x00000004   Code   RO         3720    i.SPI_I2S_SendData  stm32l1xx_spi.o
    0x08001d96   0x00000038   Code   RO         3721    i.SPI_Init          stm32l1xx_spi.o
    0x08001dce   0x00000002   Code   RO          253    i.SVC_Handler       stm32l1xx_it.o
    0x08001dd0   0x0000009c   Code   RO         4728    i.SetSysClock       system_stm32l1xx.o
    0x08001e6c   0x00000024   Code   RO          254    i.SysTick_Handler   stm32l1xx_it.o
    0x08001e90   0x00000054   Code   RO         4730    i.SystemInit        system_stm32l1xx.o
    0x08001ee4   0x0000002e   Code   RO         3958    i.TI1_Config        stm32l1xx_tim.o
    0x08001f12   0x00000036   Code   RO         3959    i.TI2_Config        stm32l1xx_tim.o
    0x08001f48   0x00000058   Code   RO          724    i.TIM2_Configuration  inputcapture.o
    0x08001fa0   0x0000001a   Code   RO          725    i.TIM2_Disable      inputcapture.o
    0x08001fba   0x00000002   PAD
    0x08001fbc   0x00000044   Code   RO          726    i.TIM2_Enable       inputcapture.o
    0x08002000   0x0000008c   Code   RO          255    i.TIM2_IRQHandler   stm32l1xx_it.o
    0x0800208c   0x00000008   Code   RO          512    i.TIM6_Configuration  time.o
    0x08002094   0x00000020   Code   RO          513    i.TIM6_Disable      time.o
    0x080020b4   0x00000030   Code   RO          256    i.TIM6_IRQHandler   stm32l1xx_it.o
    0x080020e4   0x00000054   Code   RO          514    i.TIM6_Reconfiguration  time.o
    0x08002138   0x00000006   Code   RO         3963    i.TIM_ClearITPendingBit  stm32l1xx_tim.o
    0x0800213e   0x00000014   Code   RO         3968    i.TIM_Cmd           stm32l1xx_tim.o
    0x08002152   0x00000004   Code   RO         3984    i.TIM_GetCapture3   stm32l1xx_tim.o
    0x08002156   0x00000018   Code   RO         3988    i.TIM_GetITStatus   stm32l1xx_tim.o
    0x0800216e   0x000000ac   Code   RO         3990    i.TIM_ICInit        stm32l1xx_tim.o
    0x0800221a   0x00000010   Code   RO         3992    i.TIM_ITConfig      stm32l1xx_tim.o
    0x0800222a   0x0000003c   Code   RO         4000    i.TIM_OC2Init       stm32l1xx_tim.o
    0x08002266   0x00000014   Code   RO         4002    i.TIM_OC2PreloadConfig  stm32l1xx_tim.o
    0x0800227a   0x00000010   Code   RO         4031    i.TIM_SetIC1Prescaler  stm32l1xx_tim.o
    0x0800228a   0x00000018   Code   RO         4032    i.TIM_SetIC2Prescaler  stm32l1xx_tim.o
    0x080022a2   0x00000010   Code   RO         4033    i.TIM_SetIC3Prescaler  stm32l1xx_tim.o
    0x080022b2   0x00000018   Code   RO         4034    i.TIM_SetIC4Prescaler  stm32l1xx_tim.o
    0x080022ca   0x00000002   PAD
    0x080022cc   0x0000005c   Code   RO         4036    i.TIM_TimeBaseInit  stm32l1xx_tim.o
    0x08002328   0x000000b4   Code   RO          603    i.UART3_Configuration  uart.o
    0x080023dc   0x0000004c   Code   RO          257    i.USART1_IRQHandler  stm32l1xx_it.o
    0x08002428   0x00000054   Code   RO          258    i.USART3_IRQHandler  stm32l1xx_it.o
    0x0800247c   0x0000000c   Code   RO         4465    i.USART_ClearITPendingBit  stm32l1xx_usart.o
    0x08002488   0x00000014   Code   RO         4468    i.USART_Cmd         stm32l1xx_usart.o
    0x0800249c   0x0000000e   Code   RO         4471    i.USART_GetFlagStatus  stm32l1xx_usart.o
    0x080024aa   0x0000003e   Code   RO         4472    i.USART_GetITStatus  stm32l1xx_usart.o
    0x080024e8   0x00000030   Code   RO         4474    i.USART_ITConfig    stm32l1xx_usart.o
    0x08002518   0x000000a4   Code   RO         4475    i.USART_Init        stm32l1xx_usart.o
    0x080025bc   0x00000026   Code   RO          608    i.USART_PutChar     uart.o
    0x080025e2   0x00000008   Code   RO         4482    i.USART_ReceiveData  stm32l1xx_usart.o
    0x080025ea   0x00000008   Code   RO         4485    i.USART_SendData    stm32l1xx_usart.o
    0x080025f2   0x00000002   Code   RO          259    i.UsageFault_Handler  stm32l1xx_it.o
    0x080025f4   0x00000020   Code   RO         5031    i.__0printf         mc_w.l(printfa.o)
    0x08002614   0x000000aa   Code   RO         5099    i.__kernel_poly     m_ws.l(poly.o)
    0x080026be   0x00000002   PAD
    0x080026c0   0x00000010   Code   RO         5085    i.__mathlib_dbl_divzero  m_ws.l(dunder.o)
    0x080026d0   0x00000006   Code   RO         5086    i.__mathlib_dbl_infnan  m_ws.l(dunder.o)
    0x080026d6   0x0000000c   Code   RO         5088    i.__mathlib_dbl_invalid  m_ws.l(dunder.o)
    0x080026e2   0x0000000e   Code   RO         5149    i.__scatterload_copy  mc_w.l(handlers.o)
    0x080026f0   0x00000002   Code   RO         5150    i.__scatterload_null  mc_w.l(handlers.o)
    0x080026f2   0x0000000e   Code   RO         5151    i.__scatterload_zeroinit  mc_w.l(handlers.o)
    0x08002700   0x0000000c   Code   RO         5129    i.__set_errno       mc_w.l(errno.o)
    0x0800270c   0x00000164   Code   RO         5038    i._fp_digits        mc_w.l(printfa.o)
    0x08002870   0x000006dc   Code   RO         5039    i._printf_core      mc_w.l(printfa.o)
    0x08002f4c   0x00000024   Code   RO         5040    i._printf_post_padding  mc_w.l(printfa.o)
    0x08002f70   0x0000002e   Code   RO         5041    i._printf_pre_padding  mc_w.l(printfa.o)
    0x08002f9e   0x00000002   PAD
    0x08002fa0   0x000000e8   Code   RO          727    i.calc_itval_r2     inputcapture.o
    0x08003088   0x0000008e   Code   RO          728    i.find_mode         inputcapture.o
    0x08003116   0x00000002   PAD
    0x08003118   0x000000dc   Code   RO         4774    i.floor             m_ws.l(floor.o)
    0x080031f4   0x00000014   Code   RO          611    i.fputc             uart.o
    0x08003208   0x00000080   Code   RO           16    i.get_stress        main.o
    0x08003288   0x0000015c   Code   RO           17    i.get_temp_analog   main.o
    0x080033e4   0x0000004c   Code   RO           18    i.get_temp_ds18b20  main.o
    0x08003430   0x000000d4   Code   RO          729    i.interval_filter   inputcapture.o
    0x08003504   0x0000035c   Code   RO         4778    i.log               m_ws.l(log.o)
    0x08003860   0x000000e4   Code   RO         4788    i.log10             m_ws.l(log10.o)
    0x08003944   0x000000c0   Code   RO           19    i.main              main.o
    0x08003a04   0x00000228   Code   RO           20    i.sample_stress_channel  main.o
    0x08003c2c   0x00000004   PAD
    0x08003c30   0x00000038   Data   RO         4779    .constdata          m_ws.l(log.o)
    0x08003c68   0x00000008   Data   RO         5101    .constdata          m_ws.l(qnan.o)
    0x08003c70   0x00000020   Data   RO         5147    Region$$Table       anon$$obj.o


    Execution Region RW_IRAM1 (Base: 0x20000000, Size: 0x00002128, Max: 0x00004000, ABSOLUTE)

    Base Addr    Size         Type   Attr      Idx    E Section Name        Object

    0x20000000   0x0000001c   Data   RW           23    .data               main.o
    0x2000001c   0x00000001   Data   RW           24    .data               main.o
    0x2000001d   0x00000003   PAD
    0x20000020   0x00000004   Data   RW           25    .data               main.o
    0x20000024   0x00000004   Data   RW           28    .data               main.o
    0x20000028   0x0000000c   Data   RW          260    .data               stm32l1xx_it.o
    0x20000034   0x00000001   Data   RW          557    .data               i2c.o
    0x20000035   0x00000001   Data   RW          558    .data               i2c.o
    0x20000036   0x00000001   Data   RW          613    .data               uart.o
    0x20000037   0x00000001   Data   RW          614    .data               uart.o
    0x20000038   0x00000004   Data   RW          733    .data               inputcapture.o
    0x2000003c   0x00000004   Data   RW          735    .data               inputcapture.o
    0x20000040   0x00000004   Data   RW          736    .data               inputcapture.o
    0x20000044   0x00000018   Data   RW          737    .data               inputcapture.o
    0x2000005c   0x00000019   Data   RW         2940    .data               stm32l1xx_rcc.o
    0x20000075   0x00000003   PAD
    0x20000078   0x0000001d   Data   RW         4731    .data               system_stm32l1xx.o
    0x20000095   0x00000003   PAD
    0x20000098   0x00000004   Data   RW         5116    .data               mc_w.l(stdout.o)
    0x2000009c   0x00000004   Data   RW         5130    .data               mc_w.l(errno.o)
    0x200000a0   0x00000080   Zero   RW           22    .bss                main.o
    0x20000120   0x00000490   Zero   RW          612    .bss                uart.o
    0x200005b0   0x00000fa0   Zero   RW          730    .bss                inputcapture.o
    0x20001550   0x000007d4   Zero   RW          731    .bss                inputcapture.o
    0x20001d24   0x00000004   PAD
    0x20001d28   0x00000400   Zero   RW         4766    STACK               startup_stm32l1xx_md.o


==============================================================================

Image component sizes


      Code (inc. data)   RO Data    RW Data    ZI Data      Debug   Object Name

       818         54          0          0          0       3336   ds18b20.o
       368         12          0          0          0        753   gpio.o
       346         24          0          2          0       2414   i2c.o
       768         44          0         36       6004       5185   inputcapture.o
      2268        576          0         37        128     275576   main.o
       120         14          0          0          0      12691   misc.o
       316         34          0          0          0       1727   pwm.o
       728         24          0          0          0       6907   spi.o
        36          8        244          0       1024        836   startup_stm32l1xx_md.o
        32         10          0          0          0       1164   stm32l1xx_exti.o
       160          0          0          0          0       9888   stm32l1xx_gpio.o
       344         16          0          0          0      13619   stm32l1xx_i2c.o
       842        132          0         12          0       9940   stm32l1xx_it.o
       288         44          0         25          0      15048   stm32l1xx_rcc.o
       182         12          0          0          0      11983   stm32l1xx_spi.o
       594         22          0          0          0      28297   stm32l1xx_tim.o
       336          6          0          0          0      12011   stm32l1xx_usart.o
       240         28          0         29          0       1857   system_stm32l1xx.o
       156         14          0          0          0       2209   time.o
       238         18          0          2       1168       3122   uart.o

    ----------------------------------------------------------------------
      9200       1096        276        152       8328     418563   Object Totals
         0          0         32          0          0          0   (incl. Generated)
        20          4          0          9          4          0   (incl. Padding)

    ----------------------------------------------------------------------

      Code (inc. data)   RO Data    RW Data    ZI Data      Debug   Library Member Name

        34          4          0          0          0        204   dunder.o
       220         16          0          0          0         84   floor.o
       860         52         56          0          0        256   log.o
       228         30          0          0          0        120   log10.o
       170          0          0          0          0         96   poly.o
         0          0          8          0          0          0   qnan.o
         0          0          0          0          0          0   entry.o
         0          0          0          0          0          0   entry10a.o
         0          0          0          0          0          0   entry11a.o
         8          4          0          0          0          0   entry2.o
         4          0          0          0          0          0   entry5.o
         0          0          0          0          0          0   entry7b.o
         0          0          0          0          0          0   entry8b.o
         8          4          0          0          0          0   entry9a.o
        12          6          0          4          0         68   errno.o
        30          0          0          0          0          0   handlers.o
        36          8          0          0          0         68   init.o
         0          0          0          0          0          0   iusefp.o
        30          0          0          0          0         68   llshl.o
        36          0          0          0          0         68   llsshr.o
        32          0          0          0          0         68   llushr.o
      2226         90          0          0          0        444   printfa.o
         0          0          0          4          0          0   stdout.o
        44          0          0          0          0         80   uidiv.o
        98          0          0          0          0         92   uldiv.o
        48          0          0          0          0         68   cdcmple.o
        48          0          0          0          0         68   cdrcmple.o
        56          0          0          0          0         88   d2f.o
       334          0          0          0          0        148   dadd.o
       222          0          0          0          0        100   ddiv.o
       186          0          0          0          0        176   depilogue.o
        50          0          0          0          0         76   dfixui.o
        48          0          0          0          0         68   dfixul.o
        34          0          0          0          0         76   dflti.o
        26          0          0          0          0         76   dfltui.o
       228          0          0          0          0         96   dmul.o
        46          0          0          0          0         80   dscalb.o
        38          0          0          0          0         68   f2d.o
       176          0          0          0          0        140   fadd.o
       124          0          0          0          0         88   fdiv.o
       110          0          0          0          0        168   fepilogue.o
        10          0          0          0          0         68   ffltui.o
       100          0          0          0          0         76   fmul.o

    ----------------------------------------------------------------------
      5964        214         64          8          0       3444   Library Totals
         4          0          0          0          0          0   (incl. Padding)

    ----------------------------------------------------------------------

      Code (inc. data)   RO Data    RW Data    ZI Data      Debug   Library Name

      1512        102         64          0          0        760   m_ws.l
      2564        112          0          8          0        956   mc_w.l
      1884          0          0          0          0       1728   mf_w.l

    ----------------------------------------------------------------------
      5964        214         64          8          0       3444   Library Totals

    ----------------------------------------------------------------------

==============================================================================


      Code (inc. data)   RO Data    RW Data    ZI Data      Debug   

     15164       1310        340        160       8328     413891   Grand Totals
     15164       1310        340        160       8328     413891   ELF Image Totals
     15164       1310        340        160          0          0   ROM Totals

==============================================================================

    Total RO  Size (Code + RO Data)                15504 (  15.14kB)
    Total RW  Size (RW Data + ZI Data)              8488 (   8.29kB)
    Total ROM Size (Code + RO Data + RW Data)      15664 (  15.30kB)

==============================================================================

