<html>
<body>
<pre>
<h1>礦ision Build Log</h1>
<h2>Tool Versions:</h2>
IDE-Version: μVision V5.14.0.0
Copyright (C) 2015 ARM Ltd and ARM Germany GmbH. All rights reserved.
License Information: z Microsoft, Microsoft, LIC=0VRAR-KNITA-9XHUW-Q0NB5-1EVBH-JEH8M
 
Tool Versions:
Toolchain:       MDK-ARM Professional  Version: 5.14.0.0
Toolchain Path:  C:\Keil_v5\ARM\ARMCC\Bin
C Compiler:      Armcc.exe V5.05 update 1 (build 106)
Assembler:       Armasm.exe V5.05 update 1 (build 106)
Linker/Locator:  ArmLink.exe V5.05 update 1 (build 106)
Library Manager: ArmAr.exe V5.05 update 1 (build 106)
Hex Converter:   FromElf.exe V5.05 update 1 (build 106)
CPU DLL:         SARMCM3.DLL V5.14.0.0
Dialog DLL:      DCM.DLL V1.13.1.0
Target DLL:      Segger\JL2CM3.dll V2.99.13.0
Dialog DLL:      TCM.DLL V1.14.4.0
 
<h2>Project:</h2>
E:\HD\HFSL16\HFS1601-CB\HFSL16_CB_V1.0.0_Software -V1.0.1\Project\MDK-ARM\Project.uvprojx
Project File Date:  01/09/2016

<h2>Output:</h2>
Build target 'STM32L1XX_MD(STM32L1xxxBxx)'
compiling main.c...
..\InputCapture.h(13): warning:  #1295-D: Deprecated declaration TIM2_Enable - give arg types
  void TIM2_Enable();
..\ds18b20.h(15): warning:  #1295-D: Deprecated declaration ReadROM - give arg types
  void ReadROM();                                                                                                               
..\main.c(39): warning:  #174-D: expression has no effect
        while(TimingDelay != 0)__WFI;//等待过程中进入sleep模式,下方指令在执行过程中容易进入
..\main.c(207): warning:  #223-D: function "PWM_Disable" declared implicitly
        PWM_Disable();//关闭pwm
..\main.c(340): warning:  #223-D: function "PWM_Enable" declared implicitly
                PWM_Enable();//使能pwm输出
..\main.c(354): warning:  #223-D: function "PWM_Disable" declared implicitly
        PWM_Disable();
..\main.c(355): warning:  #940-D: missing return statement at end of non-void function "get_stress"
  }
..\main.c(546): warning:  #223-D: function "PWM_Configuration" declared implicitly
        PWM_Configuration(6000,50);
..\main.c: 8 warnings, 0 errors
linking...
Program Size: Code=15180 RO-data=340 RW-data=160 ZI-data=8328  
FromELF: creating hex file...
".\STM32L152-EVAL\STM32L152-EVAL.axf" - 0 Error(s), 8 Warning(s).

<h2>Collection of Component include folders:</h2>
  E:\HD\HFSL16\HFS1601-CB\HFSL16_CB_V1.0.0_Software -V1.0.1\Project\MDK-ARM\RTE
  C:\Keil_v5\ARM\PACK\Keil\STM32L1xx_DFP\1.0.2\Device\Include

<h2>Collection of Component Files used:</h2>
</pre>
</body>
</html>
